Archive member included to satisfy reference by file (symbol)

/usr/local/Cellar/arm-none-eabi-gcc/10.3-2021.07/gcc/bin/../lib/gcc/arm-none-eabi/10.3.1/thumb/v6-m/nofp/libgcc.a(_dvmd_tls.o)
                              CMakeFiles/Prog_Rp.dir/Users/haido/Documents/Pico/pico-sdk/src/rp2_common/pico_divider/divider.S.obj (__aeabi_idiv0)
/usr/local/Cellar/arm-none-eabi-gcc/10.3-2021.07/gcc/bin/../lib/gcc/arm-none-eabi/10.3.1/../../../../arm-none-eabi/lib/thumb/v6-m/nofp/libg.a(lib_a-calloc.o)
                              CMakeFiles/Prog_Rp.dir/Users/haido/Documents/Pico/pico-sdk/src/rp2_common/pico_malloc/pico_malloc.c.obj (calloc)
/usr/local/Cellar/arm-none-eabi-gcc/10.3-2021.07/gcc/bin/../lib/gcc/arm-none-eabi/10.3.1/../../../../arm-none-eabi/lib/thumb/v6-m/nofp/libg.a(lib_a-callocr.o)
                              /usr/local/Cellar/arm-none-eabi-gcc/10.3-2021.07/gcc/bin/../lib/gcc/arm-none-eabi/10.3.1/../../../../arm-none-eabi/lib/thumb/v6-m/nofp/libg.a(lib_a-calloc.o) (_calloc_r)
/usr/local/Cellar/arm-none-eabi-gcc/10.3-2021.07/gcc/bin/../lib/gcc/arm-none-eabi/10.3.1/../../../../arm-none-eabi/lib/thumb/v6-m/nofp/libg.a(lib_a-ctype_.o)
                              CMakeFiles/Prog_Rp.dir/Users/haido/Documents/Pico/pico-sdk/lib/tinyusb/src/tusb.c.obj (_ctype_)
/usr/local/Cellar/arm-none-eabi-gcc/10.3-2021.07/gcc/bin/../lib/gcc/arm-none-eabi/10.3.1/../../../../arm-none-eabi/lib/thumb/v6-m/nofp/libg.a(lib_a-errno.o)
                              /usr/local/Cellar/arm-none-eabi-gcc/10.3-2021.07/gcc/bin/../lib/gcc/arm-none-eabi/10.3.1/../../../../arm-none-eabi/lib/thumb/v6-m/nofp/libg.a(lib_a-callocr.o) (__errno)
/usr/local/Cellar/arm-none-eabi-gcc/10.3-2021.07/gcc/bin/../lib/gcc/arm-none-eabi/10.3.1/../../../../arm-none-eabi/lib/thumb/v6-m/nofp/libg.a(lib_a-impure.o)
                              /usr/local/Cellar/arm-none-eabi-gcc/10.3-2021.07/gcc/bin/../lib/gcc/arm-none-eabi/10.3.1/../../../../arm-none-eabi/lib/thumb/v6-m/nofp/libg.a(lib_a-calloc.o) (_impure_ptr)
/usr/local/Cellar/arm-none-eabi-gcc/10.3-2021.07/gcc/bin/../lib/gcc/arm-none-eabi/10.3.1/../../../../arm-none-eabi/lib/thumb/v6-m/nofp/libg.a(lib_a-init.o)
                              /usr/local/Cellar/arm-none-eabi-gcc/10.3-2021.07/gcc/bin/../lib/gcc/arm-none-eabi/10.3.1/../../../../arm-none-eabi/lib/thumb/v6-m/nofp/crt0.o (__libc_init_array)
/usr/local/Cellar/arm-none-eabi-gcc/10.3-2021.07/gcc/bin/../lib/gcc/arm-none-eabi/10.3.1/../../../../arm-none-eabi/lib/thumb/v6-m/nofp/libg.a(lib_a-malloc.o)
                              CMakeFiles/Prog_Rp.dir/Users/haido/Documents/Pico/pico-sdk/src/rp2_common/pico_malloc/pico_malloc.c.obj (malloc)
/usr/local/Cellar/arm-none-eabi-gcc/10.3-2021.07/gcc/bin/../lib/gcc/arm-none-eabi/10.3.1/../../../../arm-none-eabi/lib/thumb/v6-m/nofp/libg.a(lib_a-mallocr.o)
                              /usr/local/Cellar/arm-none-eabi-gcc/10.3-2021.07/gcc/bin/../lib/gcc/arm-none-eabi/10.3.1/../../../../arm-none-eabi/lib/thumb/v6-m/nofp/libg.a(lib_a-callocr.o) (_malloc_r)
/usr/local/Cellar/arm-none-eabi-gcc/10.3-2021.07/gcc/bin/../lib/gcc/arm-none-eabi/10.3.1/../../../../arm-none-eabi/lib/thumb/v6-m/nofp/libg.a(lib_a-mlock.o)
                              /usr/local/Cellar/arm-none-eabi-gcc/10.3-2021.07/gcc/bin/../lib/gcc/arm-none-eabi/10.3.1/../../../../arm-none-eabi/lib/thumb/v6-m/nofp/libg.a(lib_a-mallocr.o) (__malloc_lock)
/usr/local/Cellar/arm-none-eabi-gcc/10.3-2021.07/gcc/bin/../lib/gcc/arm-none-eabi/10.3.1/../../../../arm-none-eabi/lib/thumb/v6-m/nofp/libg.a(lib_a-sbrkr.o)
                              /usr/local/Cellar/arm-none-eabi-gcc/10.3-2021.07/gcc/bin/../lib/gcc/arm-none-eabi/10.3.1/../../../../arm-none-eabi/lib/thumb/v6-m/nofp/libg.a(lib_a-mallocr.o) (_sbrk_r)
/usr/local/Cellar/arm-none-eabi-gcc/10.3-2021.07/gcc/bin/../lib/gcc/arm-none-eabi/10.3.1/../../../../arm-none-eabi/lib/thumb/v6-m/nofp/libg.a(lib_a-strlen-stub.o)
                              CMakeFiles/Prog_Rp.dir/Users/haido/Documents/Pico/pico-sdk/src/rp2_common/pico_stdio/stdio.c.obj (strlen)
/usr/local/Cellar/arm-none-eabi-gcc/10.3-2021.07/gcc/bin/../lib/gcc/arm-none-eabi/10.3.1/../../../../arm-none-eabi/lib/thumb/v6-m/nofp/libg.a(lib_a-freer.o)
                              /usr/local/Cellar/arm-none-eabi-gcc/10.3-2021.07/gcc/bin/../lib/gcc/arm-none-eabi/10.3.1/../../../../arm-none-eabi/lib/thumb/v6-m/nofp/libg.a(lib_a-malloc.o) (_free_r)
/usr/local/Cellar/arm-none-eabi-gcc/10.3-2021.07/gcc/bin/../lib/gcc/arm-none-eabi/10.3.1/../../../../arm-none-eabi/lib/thumb/v6-m/nofp/libg.a(lib_a-lock.o)
                              /usr/local/Cellar/arm-none-eabi-gcc/10.3-2021.07/gcc/bin/../lib/gcc/arm-none-eabi/10.3.1/../../../../arm-none-eabi/lib/thumb/v6-m/nofp/libg.a(lib_a-mlock.o) (__retarget_lock_acquire_recursive)
/usr/local/Cellar/arm-none-eabi-gcc/10.3-2021.07/gcc/bin/../lib/gcc/arm-none-eabi/10.3.1/../../../../arm-none-eabi/lib/thumb/v6-m/nofp/libg.a(lib_a-reent.o)
[...]
Memory Configuration

Name             Origin             Length             Attributes
FLASH            0x0000000010000000 0x0000000000200000 xr
RAM              0x0000000020000000 0x0000000000040000 xrw
SCRATCH_X        0x0000000020040000 0x0000000000001000 xrw
SCRATCH_Y        0x0000000020041000 0x0000000000001000 xrw
*default*        0x0000000000000000 0xffffffffffffffff

Linker script and memory map

LOAD /usr/local/Cellar/arm-none-eabi-gcc/10.3-2021.07/gcc/bin/../lib/gcc/arm-none-eabi/10.3.1/thumb/v6-m/nofp/crti.o
LOAD /usr/local/Cellar/arm-none-eabi-gcc/10.3-2021.07/gcc/bin/../lib/gcc/arm-none-eabi/10.3.1/thumb/v6-m/nofp/crtbegin.o
LOAD /usr/local/Cellar/arm-none-eabi-gcc/10.3-2021.07/gcc/bin/../lib/gcc/arm-none-eabi/10.3.1/../../../../arm-none-eabi/lib/thumb/v6-m/nofp/crt0.o

.flash_begin    0x0000000010000000        0x0
                0x0000000010000000                __flash_binary_start = .

.boot2          0x0000000010000000      0x100
                0x0000000010000000                __boot2_start__ = .
 *(.boot2)
 .boot2         0x0000000010000000      0x100 /var/folders/j7/p0__4fp97c3gm56v4jfplbqc0000gn/T//ccSDGJem.o
                0x0000000010000100                __boot2_end__ = .
                0x0000000000000001                ASSERT (((__boot2_end__ - __boot2_start__) == 0x100), ERROR: Pico second stage bootloader must be 256 bytes in size)

.text           0x0000000010000100     0x6f88
                0x0000000010000100                __logical_binary_start = .
 *(.vectors)
 .vectors       0x0000000010000100       0xd4 CMakeFiles/Prog_Rp.dir/Users/haido/Documents/Pico/pico-sdk/src/rp2_common/pico_standard_link/crt0.S.obj
                0x0000000010000100                __VECTOR_TABLE
                0x0000000010000100                __vectors
                0x00000000100001c0                __default_isrs_start
                0x00000000100001c0                isr_invalid
                0x00000000100001c2                isr_nmi
                0x00000000100001c4                isr_hardfault
                0x00000000100001c6                isr_svcall
                0x00000000100001c8                isr_pendsv
                0x00000000100001ca                isr_systick
                0x00000000100001cc                isr_irq28
                0x00000000100001cc                isr_irq19
                0x00000000100001cc                isr_irq0
                0x00000000100001cc                isr_irq6
                0x00000000100001cc                isr_irq22
                0x00000000100001cc                isr_irq17
                0x00000000100001cc                isr_irq14
                0x00000000100001cc                isr_irq2
                0x00000000100001cc                isr_irq10
                0x00000000100001cc                isr_irq8
                0x00000000100001cc                isr_irq24
                0x00000000100001cc                isr_irq1
                0x00000000100001cc                isr_irq7
                0x00000000100001cc                isr_irq21
                0x00000000100001cc                isr_irq20
                0x00000000100001cc                isr_irq15
                0x00000000100001cc                isr_irq25
                0x00000000100001cc                isr_irq4
                0x00000000100001cc                isr_irq16
                0x00000000100001cc                isr_irq29
                0x00000000100001cc                isr_irq26
                0x00000000100001cc                __default_isrs_end
                0x00000000100001cc                isr_irq3
                0x00000000100001cc                isr_irq9
                0x00000000100001cc                __unhandled_user_irq
                0x00000000100001cc                isr_irq13
                0x00000000100001cc                isr_irq27
                0x00000000100001cc                isr_irq31
                0x00000000100001cc                isr_irq5
                0x00000000100001cc                isr_irq11
                0x00000000100001cc                isr_irq23
                0x00000000100001cc                isr_irq18
                0x00000000100001cc                isr_irq30
                0x00000000100001cc                isr_irq12
                0x00000000100001d2                unhandled_user_irq_num_in_r0
 *(.binary_info_header)
 .binary_info_header
                0x00000000100001d4       0x14 CMakeFiles/Prog_Rp.dir/Users/haido/Documents/Pico/pico-sdk/src/rp2_common/pico_standard_link/crt0.S.obj
                0x00000000100001e8                __binary_info_header_end = .
 *(.reset)
 .reset         0x00000000100001e8       0xa8 CMakeFiles/Prog_Rp.dir/Users/haido/Documents/Pico/pico-sdk/src/rp2_common/pico_standard_link/crt0.S.obj
                0x00000000100001e8                _entry_point
                0x0000000010000266                __get_current_exception
 .reset         0x0000000010000290       0x30 CMakeFiles/Prog_Rp.dir/Users/haido/Documents/Pico/pico-sdk/src/rp2_common/pico_standard_link/binary_info.c.obj
 *(.init)
 .init          0x00000000100002c0        0x4 /usr/local/Cellar/arm-none-eabi-gcc/10.3-2021.07/gcc/bin/../lib/gcc/arm-none-eabi/10.3.1/thumb/v6-m/nofp/crti.o
                0x00000000100002c0                _init
 *(EXCLUDE_FILE(*libm.a: *libc.a:*lib_a-mem*.o *libgcc.a:) .text*)
 .text          0x00000000100002c4       0x48 /usr/local/Cellar/arm-none-eabi-gcc/10.3-2021.07/gcc/bin/../lib/gcc/arm-none-eabi/10.3.1/thumb/v6-m/nofp/crtbegin.o
 .text.main     0x000000001000030c       0xb8 CMakeFiles/Prog_Rp.dir/main.cpp.obj
                0x000000001000030c                main
 .text.gpio_set_function
                0x00000000100003c4       0x30 CMakeFiles/Prog_Rp.dir/Users/haido/Documents/Pico/pico-sdk/src/rp2_common/hardware_gpio/gpio.c.obj
                0x00000000100003c4                gpio_set_function
 .text.gpio_init
                0x00000000100003f4       0x16 CMakeFiles/Prog_Rp.dir/Users/haido/Documents/Pico/pico-sdk/src/rp2_common/hardware_gpio/gpio.c.obj
                0x00000000100003f4                gpio_init
 *fill*         0x000000001000040a        0x2 
 .text.hw_claim_lock
                0x000000001000040c       0x18 CMakeFiles/Prog_Rp.dir/Users/haido/Documents/Pico/pico-sdk/src/rp2_common/hardware_claim/claim.c.obj
                0x000000001000040c                hw_claim_lock
 .text.hw_claim_unlock
                0x0000000010000424       0x14 CMakeFiles/Prog_Rp.dir/Users/haido/Documents/Pico/pico-sdk/src/rp2_common/hardware_claim/claim.c.obj
                0x0000000010000424                hw_claim_unlock
 .text.hw_claim_or_assert
                0x0000000010000438       0x32 CMakeFiles/Prog_Rp.dir/Users/haido/Documents/Pico/pico-sdk/src/rp2_common/hardware_claim/claim.c.obj
                0x0000000010000438                hw_claim_or_assert
 .text.hw_claim_unused_from_range
                0x000000001000046a       0x50 CMakeFiles/Prog_Rp.dir/Users/haido/Documents/Pico/pico-sdk/src/rp2_common/hardware_claim/claim.c.obj
                0x000000001000046a                hw_claim_unused_from_range
 *fill*         0x00000000100004ba        0x2 
 .text.running_on_fpga
                0x00000000100004bc       0x14 CMakeFiles/Prog_Rp.dir/Users/haido/Documents/Pico/pico-sdk/src/rp2_common/pico_platform/platform.c.obj
                0x00000000100004bc                running_on_fpga
 .text.spin_locks_reset
                0x00000000100004d0       0x20 CMakeFiles/Prog_Rp.dir/Users/haido/Documents/Pico/pico-sdk/src/rp2_common/hardware_sync/sync.c.obj
                0x00000000100004d0                spin_locks_reset
 .text.next_striped_spin_lock_num
                0x00000000100004f0       0x1c CMakeFiles/Prog_Rp.dir/Users/haido/Documents/Pico/pico-sdk/src/rp2_common/hardware_sync/sync.c.obj
                0x00000000100004f0                next_striped_spin_lock_num
 .text.spin_lock_claim_unused
                0x000000001000050c       0x20 CMakeFiles/Prog_Rp.dir/Users/haido/Documents/Pico/pico-sdk/src/rp2_common/hardware_sync/sync.c.obj
                0x000000001000050c                spin_lock_claim_unused
 .text.alarm_pool_post_alloc_init
                0x000000001000052c       0x40 CMakeFiles/Prog_Rp.dir/Users/haido/Documents/Pico/pico-sdk/src/common/pico_time/time.c.obj
 .text.sleep_until_callback
                0x000000001000056c       0x30 CMakeFiles/Prog_Rp.dir/Users/haido/Documents/Pico/pico-sdk/src/common/pico_time/time.c.obj
 .text.timer_pool_entry_comparator
                0x000000001000059c       0x7c CMakeFiles/Prog_Rp.dir/Users/haido/Documents/Pico/pico-sdk/src/common/pico_time/time.c.obj
                0x000000001000059c                timer_pool_entry_comparator
 .text.ph_add_child_node
                0x0000000010000618       0xa4 CMakeFiles/Prog_Rp.dir/Users/haido/Documents/Pico/pico-sdk/src/common/pico_time/time.c.obj
 .text.ph_merge_nodes
                0x00000000100006bc       0x3e CMakeFiles/Prog_Rp.dir/Users/haido/Documents/Pico/pico-sdk/src/common/pico_time/time.c.obj
 *fill*         0x00000000100006fa        0x2 
 .text.add_alarm_under_lock
                0x00000000100006fc      0x174 CMakeFiles/Prog_Rp.dir/Users/haido/Documents/Pico/pico-sdk/src/common/pico_time/time.c.obj
 .text.alarm_pool_alarm_callback
                0x0000000010000870      0x328 CMakeFiles/Prog_Rp.dir/Users/haido/Documents/Pico/pico-sdk/src/common/pico_time/time.c.obj
 .text.alarm_pool_init_default
                0x0000000010000b98       0x38 CMakeFiles/Prog_Rp.dir/Users/haido/Documents/Pico/pico-sdk/src/common/pico_time/time.c.obj
                0x0000000010000b98                alarm_pool_init_default
 .text.alarm_pool_get_default
                0x0000000010000bd0       0x2c CMakeFiles/Prog_Rp.dir/Users/haido/Documents/Pico/pico-sdk/src/common/pico_time/time.c.obj
                0x0000000010000bd0                alarm_pool_get_default
 .text.alarm_pool_add_alarm_at
                0x0000000010000bfc      0x170 CMakeFiles/Prog_Rp.dir/Users/haido/Documents/Pico/pico-sdk/src/common/pico_time/time.c.obj
                0x0000000010000bfc                alarm_pool_add_alarm_at
 .text.alarm_pool_cancel_alarm
                0x0000000010000d6c       0xec CMakeFiles/Prog_Rp.dir/Users/haido/Documents/Pico/pico-sdk/src/common/pico_time/time.c.obj
                0x0000000010000d6c                alarm_pool_cancel_alarm
 .text.sleep_until
                0x0000000010000e58       0xfc CMakeFiles/Prog_Rp.dir/Users/haido/Documents/Pico/pico-sdk/src/common/pico_time/time.c.obj
                0x0000000010000e58                sleep_until
 .text.sleep_us
                0x0000000010000f54       0x58 CMakeFiles/Prog_Rp.dir/Users/haido/Documents/Pico/pico-sdk/src/common/pico_time/time.c.obj
                0x0000000010000f54                sleep_us
 .text.sleep_ms
                0x0000000010000fac       0x14 CMakeFiles/Prog_Rp.dir/Users/haido/Documents/Pico/pico-sdk/src/common/pico_time/time.c.obj
                0x0000000010000fac                sleep_ms
 .text.best_effort_wfe_or_timeout
                0x0000000010000fc0       0x80 CMakeFiles/Prog_Rp.dir/Users/haido/Documents/Pico/pico-sdk/src/common/pico_time/time.c.obj
                0x0000000010000fc0                best_effort_wfe_or_timeout
 .text.hardware_alarm_irq_handler
                0x0000000010001040       0x8c CMakeFiles/Prog_Rp.dir/Users/haido/Documents/Pico/pico-sdk/src/rp2_common/hardware_timer/timer.c.obj
 .text.hardware_alarm_claim
                0x00000000100010cc       0x18 CMakeFiles/Prog_Rp.dir/Users/haido/Documents/Pico/pico-sdk/src/rp2_common/hardware_timer/timer.c.obj
                0x00000000100010cc                hardware_alarm_claim
 .text.time_us_64
                0x00000000100010e4       0x18 CMakeFiles/Prog_Rp.dir/Users/haido/Documents/Pico/pico-sdk/src/rp2_common/hardware_timer/timer.c.obj
                0x00000000100010e4                time_us_64
 .text.busy_wait_until
                0x00000000100010fc       0x28 CMakeFiles/Prog_Rp.dir/Users/haido/Documents/Pico/pico-sdk/src/rp2_common/hardware_timer/timer.c.obj
                0x00000000100010fc                busy_wait_until
 .text.hardware_alarm_set_callback
                0x0000000010001124       0x90 CMakeFiles/Prog_Rp.dir/Users/haido/Documents/Pico/pico-sdk/src/rp2_common/hardware_timer/timer.c.obj
                0x0000000010001124                hardware_alarm_set_callback
 .text.hardware_alarm_set_target
                0x00000000100011b4       0xe8 CMakeFiles/Prog_Rp.dir/Users/haido/Documents/Pico/pico-sdk/src/rp2_common/hardware_timer/timer.c.obj
                0x00000000100011b4                hardware_alarm_set_target
 .text.hardware_alarm_cancel
                0x000000001000129c       0x40 CMakeFiles/Prog_Rp.dir/Users/haido/Documents/Pico/pico-sdk/src/rp2_common/hardware_timer/timer.c.obj
                0x000000001000129c                hardware_alarm_cancel
 .text.lock_init
                0x00000000100012dc       0x10 CMakeFiles/Prog_Rp.dir/Users/haido/Documents/Pico/pico-sdk/src/common/pico_sync/lock_core.c.obj
                0x00000000100012dc                lock_init
 .text.mutex_init_internal
                0x00000000100012ec       0x1e CMakeFiles/Prog_Rp.dir/Users/haido/Documents/Pico/pico-sdk/src/common/pico_sync/mutex.c.obj
 .text.mutex_init
                0x000000001000130a        0xa CMakeFiles/Prog_Rp.dir/Users/haido/Documents/Pico/pico-sdk/src/common/pico_sync/mutex.c.obj
                0x000000001000130a                mutex_init
 .text.recursive_mutex_init
                0x0000000010001314        0xa CMakeFiles/Prog_Rp.dir/Users/haido/Documents/Pico/pico-sdk/src/common/pico_sync/mutex.c.obj
                0x0000000010001314                recursive_mutex_init
 *fill*         0x000000001000131e        0x2 
 .text.critical_section_init_with_lock_num
                0x0000000010001320       0x14 CMakeFiles/Prog_Rp.dir/Users/haido/Documents/Pico/pico-sdk/src/common/pico_sync/critical_section.c.obj
                0x0000000010001320                critical_section_init_with_lock_num
 .text.critical_section_init
                0x0000000010001334       0x14 CMakeFiles/Prog_Rp.dir/Users/haido/Documents/Pico/pico-sdk/src/common/pico_sync/critical_section.c.obj
                0x0000000010001334                critical_section_init
 .text.ph_add_child_node
                0x0000000010001348       0xa4 CMakeFiles/Prog_Rp.dir/Users/haido/Documents/Pico/pico-sdk/src/common/pico_util/pheap.c.obj
 .text.ph_merge_nodes
                0x00000000100013ec       0x3e CMakeFiles/Prog_Rp.dir/Users/haido/Documents/Pico/pico-sdk/src/common/pico_util/pheap.c.obj
 *fill*         0x000000001000142a        0x2 
 .text.ph_clear
                0x000000001000142c       0x70 CMakeFiles/Prog_Rp.dir/Users/haido/Documents/Pico/pico-sdk/src/common/pico_util/pheap.c.obj
                0x000000001000142c                ph_clear
 .text.ph_post_alloc_init
                0x000000001000149c        0xe CMakeFiles/Prog_Rp.dir/Users/haido/Documents/Pico/pico-sdk/src/common/pico_util/pheap.c.obj
                0x000000001000149c                ph_post_alloc_init
 *fill*         0x00000000100014aa        0x2 
 .text.ph_merge_two_pass
                0x00000000100014ac       0xa8 CMakeFiles/Prog_Rp.dir/Users/haido/Documents/Pico/pico-sdk/src/common/pico_util/pheap.c.obj
                0x00000000100014ac                ph_merge_two_pass
 .text.ph_remove_any_head
                0x0000000010001554      0x108 CMakeFiles/Prog_Rp.dir/Users/haido/Documents/Pico/pico-sdk/src/common/pico_util/pheap.c.obj
 .text.ph_remove_head
                0x000000001000165c       0x14 CMakeFiles/Prog_Rp.dir/Users/haido/Documents/Pico/pico-sdk/src/common/pico_util/pheap.c.obj
                0x000000001000165c                ph_remove_head
 .text.ph_remove_and_free_node
                0x0000000010001670       0xf8 CMakeFiles/Prog_Rp.dir/Users/haido/Documents/Pico/pico-sdk/src/common/pico_util/pheap.c.obj
                0x0000000010001670                ph_remove_and_free_node
 .text.runtime_init
                0x0000000010001768       0xd8 CMakeFiles/Prog_Rp.dir/Users/haido/Documents/Pico/pico-sdk/src/rp2_common/pico_runtime/runtime.c.obj
                0x0000000010001768                runtime_init
 .text._exit    0x0000000010001840        0x4 CMakeFiles/Prog_Rp.dir/Users/haido/Documents/Pico/pico-sdk/src/rp2_common/pico_runtime/runtime.c.obj
                0x0000000010001840                _exit
 .text.exit     0x0000000010001844        0x6 CMakeFiles/Prog_Rp.dir/Users/haido/Documents/Pico/pico-sdk/src/rp2_common/pico_runtime/runtime.c.obj
                0x0000000010001844                exit
 *fill*         0x000000001000184a        0x2 
 .text.__assert_func
                0x000000001000184c       0x3c CMakeFiles/Prog_Rp.dir/Users/haido/Documents/Pico/pico-sdk/src/rp2_common/pico_runtime/runtime.c.obj
                0x000000001000184c                __assert_func
 .text.panic    0x0000000010001888       0x30 CMakeFiles/Prog_Rp.dir/Users/haido/Documents/Pico/pico-sdk/src/rp2_common/pico_runtime/runtime.c.obj
                0x0000000010001888                panic
 .text.clock_configure
                0x00000000100018b8      0x104 CMakeFiles/Prog_Rp.dir/Users/haido/Documents/Pico/pico-sdk/src/rp2_common/hardware_clocks/clocks.c.obj
                0x00000000100018b8                clock_configure
 .text.clocks_init
                0x00000000100019bc      0x100 CMakeFiles/Prog_Rp.dir/Users/haido/Documents/Pico/pico-sdk/src/rp2_common/hardware_clocks/clocks.c.obj
                0x00000000100019bc                clocks_init
 .text.set_raw_irq_handler_and_unlock
                0x0000000010001abc       0x28 CMakeFiles/Prog_Rp.dir/Users/haido/Documents/Pico/pico-sdk/src/rp2_common/hardware_irq/irq.c.obj
 .text.make_branch
                0x0000000010001ae4       0x34 CMakeFiles/Prog_Rp.dir/Users/haido/Documents/Pico/pico-sdk/src/rp2_common/hardware_irq/irq.c.obj
 .text.insert_branch_and_link
                0x0000000010001b18       0x40 CMakeFiles/Prog_Rp.dir/Users/haido/Documents/Pico/pico-sdk/src/rp2_common/hardware_irq/irq.c.obj
 .text.irq_is_enabled
                0x0000000010001b58       0x18 CMakeFiles/Prog_Rp.dir/Users/haido/Documents/Pico/pico-sdk/src/rp2_common/hardware_irq/irq.c.obj
                0x0000000010001b58                irq_is_enabled
 .text.irq_set_mask_enabled
                0x0000000010001b70       0x20 CMakeFiles/Prog_Rp.dir/Users/haido/Documents/Pico/pico-sdk/src/rp2_common/hardware_irq/irq.c.obj
                0x0000000010001b70                irq_set_mask_enabled
 .text.irq_set_enabled
                0x0000000010001b90        0xe CMakeFiles/Prog_Rp.dir/Users/haido/Documents/Pico/pico-sdk/src/rp2_common/hardware_irq/irq.c.obj
                0x0000000010001b90                irq_set_enabled
 *fill*         0x0000000010001b9e        0x2 
 .text.irq_set_pending
                0x0000000010001ba0       0x10 CMakeFiles/Prog_Rp.dir/Users/haido/Documents/Pico/pico-sdk/src/rp2_common/hardware_irq/irq.c.obj
                0x0000000010001ba0                irq_set_pending
 .text.irq_get_vtable_handler
                0x0000000010001bb0       0x10 CMakeFiles/Prog_Rp.dir/Users/haido/Documents/Pico/pico-sdk/src/rp2_common/hardware_irq/irq.c.obj
                0x0000000010001bb0                irq_get_vtable_handler
 .text.irq_set_exclusive_handler
                0x0000000010001bc0       0x54 CMakeFiles/Prog_Rp.dir/Users/haido/Documents/Pico/pico-sdk/src/rp2_common/hardware_irq/irq.c.obj
                0x0000000010001bc0                irq_set_exclusive_handler
 .text.irq_remove_handler
                0x0000000010001c14      0x1ac CMakeFiles/Prog_Rp.dir/Users/haido/Documents/Pico/pico-sdk/src/rp2_common/hardware_irq/irq.c.obj
                0x0000000010001c14                irq_remove_handler
 .text.irq_set_priority
                0x0000000010001dc0       0x28 CMakeFiles/Prog_Rp.dir/Users/haido/Documents/Pico/pico-sdk/src/rp2_common/hardware_irq/irq.c.obj
                0x0000000010001dc0                irq_set_priority
 .text.irq_add_tail_to_free_list
                0x0000000010001de8       0xf0 CMakeFiles/Prog_Rp.dir/Users/haido/Documents/Pico/pico-sdk/src/rp2_common/hardware_irq/irq.c.obj
                0x0000000010001de8                irq_add_tail_to_free_list
 .text.irq_init_priorities
                0x0000000010001ed8       0x16 CMakeFiles/Prog_Rp.dir/Users/haido/Documents/Pico/pico-sdk/src/rp2_common/hardware_irq/irq.c.obj
                0x0000000010001ed8                irq_init_priorities
 *fill*         0x0000000010001eee        0x2 
 .text.pll_init
                0x0000000010001ef0      0x118 CMakeFiles/Prog_Rp.dir/Users/haido/Documents/Pico/pico-sdk/src/rp2_common/hardware_pll/pll.c.obj
                0x0000000010001ef0                pll_init
 .text.watchdog_start_tick
                0x0000000010002008       0x10 CMakeFiles/Prog_Rp.dir/Users/haido/Documents/Pico/pico-sdk/src/rp2_common/hardware_watchdog/watchdog.c.obj
                0x0000000010002008                watchdog_start_tick
 .text.watchdog_update
                0x0000000010002018       0x14 CMakeFiles/Prog_Rp.dir/Users/haido/Documents/Pico/pico-sdk/src/rp2_common/hardware_watchdog/watchdog.c.obj
                0x0000000010002018                watchdog_update
 .text._watchdog_enable
                0x000000001000202c       0x70 CMakeFiles/Prog_Rp.dir/Users/haido/Documents/Pico/pico-sdk/src/rp2_common/hardware_watchdog/watchdog.c.obj
                0x000000001000202c                _watchdog_enable
 .text.watchdog_reboot
                0x000000001000209c       0x48 CMakeFiles/Prog_Rp.dir/Users/haido/Documents/Pico/pico-sdk/src/rp2_common/hardware_watchdog/watchdog.c.obj
                0x000000001000209c                watchdog_reboot
 .text.xosc_init
                0x00000000100020e4       0x28 CMakeFiles/Prog_Rp.dir/Users/haido/Documents/Pico/pico-sdk/src/rp2_common/hardware_xosc/xosc.c.obj
                0x00000000100020e4                xosc_init
 .text._out_null
                0x000000001000210c        0x2 CMakeFiles/Prog_Rp.dir/Users/haido/Documents/Pico/pico-sdk/src/rp2_common/pico_printf/printf.c.obj
 .text._out_fct
                0x000000001000210e        0xe CMakeFiles/Prog_Rp.dir/Users/haido/Documents/Pico/pico-sdk/src/rp2_common/pico_printf/printf.c.obj
 .text._atoi    0x000000001000211c       0x24 CMakeFiles/Prog_Rp.dir/Users/haido/Documents/Pico/pico-sdk/src/rp2_common/pico_printf/printf.c.obj
 .text._out_rev
                0x0000000010002140       0xae CMakeFiles/Prog_Rp.dir/Users/haido/Documents/Pico/pico-sdk/src/rp2_common/pico_printf/printf.c.obj
 .text._ntoa_format
                0x00000000100021ee      0x112 CMakeFiles/Prog_Rp.dir/Users/haido/Documents/Pico/pico-sdk/src/rp2_common/pico_printf/printf.c.obj
 .text._ntoa_long
                0x0000000010002300       0xbc CMakeFiles/Prog_Rp.dir/Users/haido/Documents/Pico/pico-sdk/src/rp2_common/pico_printf/printf.c.obj
 .text._ntoa_long_long
                0x00000000100023bc       0xe2 CMakeFiles/Prog_Rp.dir/Users/haido/Documents/Pico/pico-sdk/src/rp2_common/pico_printf/printf.c.obj
 *fill*         0x000000001000249e        0x2 
 .text._etoa    0x00000000100024a0      0x414 CMakeFiles/Prog_Rp.dir/Users/haido/Documents/Pico/pico-sdk/src/rp2_common/pico_printf/printf.c.obj
 .text._ftoa    0x00000000100028b4      0x354 CMakeFiles/Prog_Rp.dir/Users/haido/Documents/Pico/pico-sdk/src/rp2_common/pico_printf/printf.c.obj
 .text._vsnprintf
                0x0000000010002c08      0x624 CMakeFiles/Prog_Rp.dir/Users/haido/Documents/Pico/pico-sdk/src/rp2_common/pico_printf/printf.c.obj
 .text.vfctprintf
                0x000000001000322c       0x20 CMakeFiles/Prog_Rp.dir/Users/haido/Documents/Pico/pico-sdk/src/rp2_common/pico_printf/printf.c.obj
                0x000000001000322c                vfctprintf
 .text          0x000000001000324c       0x10 CMakeFiles/Prog_Rp.dir/Users/haido/Documents/Pico/pico-sdk/src/rp2_common/pico_bit_ops/bit_ops_aeabi.S.obj
 .text.rom_func_lookup
                0x000000001000325c       0x10 CMakeFiles/Prog_Rp.dir/Users/haido/Documents/Pico/pico-sdk/src/rp2_common/pico_bootrom/bootrom.c.obj
                0x000000001000325c                rom_func_lookup
 .text.rom_data_lookup
                0x000000001000326c       0x10 CMakeFiles/Prog_Rp.dir/Users/haido/Documents/Pico/pico-sdk/src/rp2_common/pico_bootrom/bootrom.c.obj
                0x000000001000326c                rom_data_lookup
 .text.rom_funcs_lookup
                0x000000001000327c       0x36 CMakeFiles/Prog_Rp.dir/Users/haido/Documents/Pico/pico-sdk/src/rp2_common/pico_bootrom/bootrom.c.obj
                0x000000001000327c                rom_funcs_lookup
 *fill*         0x00000000100032b2        0x2 
 .text.__wrap___aeabi_idiv
                0x00000000100032b4       0x50 CMakeFiles/Prog_Rp.dir/Users/haido/Documents/Pico/pico-sdk/src/rp2_common/pico_divider/divider.S.obj
                0x00000000100032b4                __wrap___aeabi_idivmod
                0x00000000100032b4                divmod_s32s32
                0x00000000100032b4                div_s32s32
                0x00000000100032b4                __wrap___aeabi_idiv
                0x00000000100032bc                divmod_s32s32_unsafe
                0x00000000100032e8                divmod_s32s32_savestate
 .text.__wrap___aeabi_uidiv
                0x0000000010003304       0x4c CMakeFiles/Prog_Rp.dir/Users/haido/Documents/Pico/pico-sdk/src/rp2_common/pico_divider/divider.S.obj
                0x0000000010003304                __wrap___aeabi_uidiv
                0x0000000010003304                __wrap___aeabi_uidivmod
                0x0000000010003304                div_u32u32
                0x0000000010003304                divmod_u32u32
                0x000000001000330c                divmod_u32u32_unsafe
                0x0000000010003334                divmod_u32u32_savestate
 .text.__wrap___aeabi_ldiv
                0x0000000010003350      0x430 CMakeFiles/Prog_Rp.dir/Users/haido/Documents/Pico/pico-sdk/src/rp2_common/pico_divider/divider.S.obj
                0x0000000010003350                __wrap___aeabi_ldivmod
                0x0000000010003350                div_s64s64
                0x0000000010003350                divmod_s64s64
                0x0000000010003388                divmod_u64u64
                0x0000000010003388                div_u64u64
                0x0000000010003388                __wrap___aeabi_uldivmod
                0x0000000010003398                divmod_u64u64_savestate
                0x00000000100033c0                divmod_s64s64_unsafe
                0x0000000010003448                divmod_u64u64_unsafe
 .text.__wrap___aeabi_darithmetic
                0x0000000010003780       0x80 CMakeFiles/Prog_Rp.dir/Users/haido/Documents/Pico/pico-sdk/src/rp2_common/pico_double/double_aeabi.S.obj
                0x0000000010003780                __wrap___aeabi_drsub
                0x0000000010003786                __wrap___aeabi_dsub
                0x0000000010003798                __wrap___aeabi_dadd
                0x00000000100037aa                __wrap___aeabi_ddiv
                0x00000000100037e6                __wrap___aeabi_dmul
 .text.__wrap___aeabi_cdcmple
                0x0000000010003800       0x6c CMakeFiles/Prog_Rp.dir/Users/haido/Documents/Pico/pico-sdk/src/rp2_common/pico_double/double_aeabi.S.obj
                0x0000000010003800                __wrap___aeabi_cdrcmple
                0x0000000010003810                __wrap___aeabi_cdcmple
                0x0000000010003810                __wrap___aeabi_cdcmpeq
 .text.__wrap___aeabi_dcmplt
                0x000000001000386c        0xc CMakeFiles/Prog_Rp.dir/Users/haido/Documents/Pico/pico-sdk/src/rp2_common/pico_double/double_aeabi.S.obj
                0x000000001000386c                __wrap___aeabi_dcmplt
 .text.__wrap___aeabi_dcmple
                0x0000000010003878       0x10 CMakeFiles/Prog_Rp.dir/Users/haido/Documents/Pico/pico-sdk/src/rp2_common/pico_double/double_aeabi.S.obj
                0x0000000010003878                __wrap___aeabi_dcmple
 .text.__wrap___aeabi_dcmpge
                0x0000000010003888       0x10 CMakeFiles/Prog_Rp.dir/Users/haido/Documents/Pico/pico-sdk/src/rp2_common/pico_double/double_aeabi.S.obj
                0x0000000010003888                __wrap___aeabi_dcmpge
 .text.__wrap___aeabi_dcmpgt
                0x0000000010003898        0xa CMakeFiles/Prog_Rp.dir/Users/haido/Documents/Pico/pico-sdk/src/rp2_common/pico_double/double_aeabi.S.obj
                0x0000000010003898                __wrap___aeabi_dcmpgt
 .text.__wrap___aeabi_dcmpun
                0x00000000100038a2       0x1c CMakeFiles/Prog_Rp.dir/Users/haido/Documents/Pico/pico-sdk/src/rp2_common/pico_double/double_aeabi.S.obj
                0x00000000100038a2                __wrap___aeabi_dcmpun
 *fill*         0x00000000100038be        0x2 
 .text.__wrap___aeabi_i2d
                0x00000000100038c0       0x38 CMakeFiles/Prog_Rp.dir/Users/haido/Documents/Pico/pico-sdk/src/rp2_common/pico_double/double_aeabi.S.obj
                0x00000000100038c0                __wrap___aeabi_ui2d
                0x00000000100038c8                __wrap___aeabi_i2d
 .text.__wrap___aeabi_d2iz
                0x00000000100038f8       0x48 CMakeFiles/Prog_Rp.dir/Users/haido/Documents/Pico/pico-sdk/src/rp2_common/pico_double/double_aeabi.S.obj
                0x00000000100038f8                __wrap___aeabi_d2iz
                0x00000000100038f8                double2int_z
 .text.__wrap___aeabi_d2uiz
                0x0000000010003940       0x18 CMakeFiles/Prog_Rp.dir/Users/haido/Documents/Pico/pico-sdk/src/rp2_common/pico_double/double_aeabi.S.obj
                0x0000000010003940                double2uint
                0x0000000010003940                __wrap___aeabi_d2uiz
 .text.__aeabi_double_init
                0x0000000010003958       0xb8 CMakeFiles/Prog_Rp.dir/Users/haido/Documents/Pico/pico-sdk/src/rp2_common/pico_double/double_init_rom.c.obj
                0x0000000010003958                __aeabi_double_init
 .text.double_table_shim_on_use_helper
                0x0000000010003a10       0x34 CMakeFiles/Prog_Rp.dir/Users/haido/Documents/Pico/pico-sdk/src/rp2_common/pico_double/double_v1_rom_shim.S.obj
                0x0000000010003a10                double_table_shim_on_use_helper
 .text.__wrap___aeabi_dsub
                0x0000000010003a44       0x10 CMakeFiles/Prog_Rp.dir/Users/haido/Documents/Pico/pico-sdk/src/rp2_common/pico_double/double_v1_rom_shim.S.obj
                0x0000000010003a44                drsub_shim
                0x0000000010003a4a                dsub_shim
 .text.dadd_shim
                0x0000000010003a54      0x15c CMakeFiles/Prog_Rp.dir/Users/haido/Documents/Pico/pico-sdk/src/rp2_common/pico_double/double_v1_rom_shim.S.obj
                0x0000000010003a54                dadd_shim
 .text.dmul_shim
                0x0000000010003bb0      0x15c CMakeFiles/Prog_Rp.dir/Users/haido/Documents/Pico/pico-sdk/src/rp2_common/pico_double/double_v1_rom_shim.S.obj
                0x0000000010003bb0                dmul_shim
 .text.ddiv_shim
                0x0000000010003d0c      0x1b0 CMakeFiles/Prog_Rp.dir/Users/haido/Documents/Pico/pico-sdk/src/rp2_common/pico_double/double_v1_rom_shim.S.obj
                0x0000000010003d0c                ddiv_shim
 .text.dcordic_rot_step
                0x0000000010003ebc       0x7c CMakeFiles/Prog_Rp.dir/Users/haido/Documents/Pico/pico-sdk/src/rp2_common/pico_double/double_v1_rom_shim.S.obj
                0x0000000010003ebc                dcordic_rot_step
 .text.double2uint_shim
                0x0000000010003f38        0xe CMakeFiles/Prog_Rp.dir/Users/haido/Documents/Pico/pico-sdk/src/rp2_common/pico_double/double_v1_rom_shim.S.obj
                0x0000000010003f38                double2uint_shim
                0x0000000010003f3a                double2ufix_shim
 *fill*         0x0000000010003f46        0x2 
 .text.double2uint64_shim
                0x0000000010003f48       0x6c CMakeFiles/Prog_Rp.dir/Users/haido/Documents/Pico/pico-sdk/src/rp2_common/pico_double/double_v1_rom_shim.S.obj
                0x0000000010003f48                double2uint64_shim
                0x0000000010003f4a                double2ufix64_shim
                0x0000000010003f64                d2fix_a
 .text.dunpacks
                0x0000000010003fb4       0x3c CMakeFiles/Prog_Rp.dir/Users/haido/Documents/Pico/pico-sdk/src/rp2_common/pico_double/double_v1_rom_shim.S.obj
                0x0000000010003fb4                dunpacks
 .text.__aeabi_lmul
                0x0000000010003ff0       0x32 CMakeFiles/Prog_Rp.dir/Users/haido/Documents/Pico/pico-sdk/src/rp2_common/pico_int64_ops/pico_int64_ops_aeabi.S.obj
                0x0000000010003ff0                __wrap___aeabi_lmul
 *fill*         0x0000000010004022        0x2 
 .text.__aeabi_float_init
                0x0000000010004024       0xfc CMakeFiles/Prog_Rp.dir/Users/haido/Documents/Pico/pico-sdk/src/rp2_common/pico_float/float_init_rom.c.obj
                0x0000000010004024                __aeabi_float_init
 .text.float_table_shim_on_use_helper
                0x0000000010004120       0x34 CMakeFiles/Prog_Rp.dir/Users/haido/Documents/Pico/pico-sdk/src/rp2_common/pico_float/float_v1_rom_shim.S.obj
                0x0000000010004120                float_table_shim_on_use_helper
 .text          0x0000000010004154       0x10 CMakeFiles/Prog_Rp.dir/Users/haido/Documents/Pico/pico-sdk/src/rp2_common/pico_mem_ops/mem_ops_aeabi.S.obj
                0x0000000010004154                __aeabi_mem_init
 .text.memset   0x0000000010004164        0xc CMakeFiles/Prog_Rp.dir/Users/haido/Documents/Pico/pico-sdk/src/rp2_common/pico_mem_ops/mem_ops_aeabi.S.obj
                0x0000000010004164                __wrap_memset
 .text.memcpy   0x0000000010004170        0xc CMakeFiles/Prog_Rp.dir/Users/haido/Documents/Pico/pico-sdk/src/rp2_common/pico_mem_ops/mem_ops_aeabi.S.obj
                0x0000000010004170                __wrap___aeabi_memcpy
                0x0000000010004170                __wrap_memcpy
 .text.stdio_out_chars_crlf
                0x000000001000417c       0x80 CMakeFiles/Prog_Rp.dir/Users/haido/Documents/Pico/pico-sdk/src/rp2_common/pico_stdio/stdio.c.obj
 .text.stdio_stack_buffer_flush
                0x00000000100041fc       0x44 CMakeFiles/Prog_Rp.dir/Users/haido/Documents/Pico/pico-sdk/src/rp2_common/pico_stdio/stdio.c.obj
 .text.stdio_buffered_printer
                0x0000000010004240       0x20 CMakeFiles/Prog_Rp.dir/Users/haido/Documents/Pico/pico-sdk/src/rp2_common/pico_stdio/stdio.c.obj
 .text.stdout_serialize_begin
                0x0000000010004260       0x30 CMakeFiles/Prog_Rp.dir/Users/haido/Documents/Pico/pico-sdk/src/rp2_common/pico_stdio/stdio.c.obj
                0x0000000010004260                stdout_serialize_begin
 .text.stdout_serialize_end
                0x0000000010004290       0x10 CMakeFiles/Prog_Rp.dir/Users/haido/Documents/Pico/pico-sdk/src/rp2_common/pico_stdio/stdio.c.obj
                0x0000000010004290                stdout_serialize_end
 .text.stdio_put_string
                0x00000000100042a0       0x84 CMakeFiles/Prog_Rp.dir/Users/haido/Documents/Pico/pico-sdk/src/rp2_common/pico_stdio/stdio.c.obj
 .text.stdio_set_driver_enabled
                0x0000000010004324       0x38 CMakeFiles/Prog_Rp.dir/Users/haido/Documents/Pico/pico-sdk/src/rp2_common/pico_stdio/stdio.c.obj
                0x0000000010004324                stdio_set_driver_enabled
 .text.stdio_flush
                0x000000001000435c       0x20 CMakeFiles/Prog_Rp.dir/Users/haido/Documents/Pico/pico-sdk/src/rp2_common/pico_stdio/stdio.c.obj
                0x000000001000435c                stdio_flush
 .text.__wrap_puts
                0x000000001000437c       0x1c CMakeFiles/Prog_Rp.dir/Users/haido/Documents/Pico/pico-sdk/src/rp2_common/pico_stdio/stdio.c.obj
                0x000000001000437c                __wrap_puts
 .text.__wrap_vprintf
                0x0000000010004398       0x44 CMakeFiles/Prog_Rp.dir/Users/haido/Documents/Pico/pico-sdk/src/rp2_common/pico_stdio/stdio.c.obj
                0x0000000010004398                __wrap_vprintf
 .text.__wrap_printf
                0x00000000100043dc       0x18 CMakeFiles/Prog_Rp.dir/Users/haido/Documents/Pico/pico-sdk/src/rp2_common/pico_stdio/stdio.c.obj
                0x00000000100043dc                __wrap_printf
 .text.stdio_init_all
                0x00000000100043f4        0x8 CMakeFiles/Prog_Rp.dir/Users/haido/Documents/Pico/pico-sdk/src/rp2_common/pico_stdio/stdio.c.obj
                0x00000000100043f4                stdio_init_all
 .text.resetd_init
                0x00000000100043fc        0x2 CMakeFiles/Prog_Rp.dir/Users/haido/Documents/Pico/pico-sdk/src/rp2_common/pico_stdio_usb/reset_interface.c.obj
 *fill*         0x00000000100043fe        0x2 
 .text.resetd_reset
                0x0000000010004400        0xc CMakeFiles/Prog_Rp.dir/Users/haido/Documents/Pico/pico-sdk/src/rp2_common/pico_stdio_usb/reset_interface.c.obj
 .text.resetd_open
                0x000000001000440c       0x34 CMakeFiles/Prog_Rp.dir/Users/haido/Documents/Pico/pico-sdk/src/rp2_common/pico_stdio_usb/reset_interface.c.obj
 .text.resetd_xfer_cb
                0x0000000010004440        0x4 CMakeFiles/Prog_Rp.dir/Users/haido/Documents/Pico/pico-sdk/src/rp2_common/pico_stdio_usb/reset_interface.c.obj
 .text.reset_usb_boot
                0x0000000010004444       0x18 CMakeFiles/Prog_Rp.dir/Users/haido/Documents/Pico/pico-sdk/src/rp2_common/pico_stdio_usb/reset_interface.c.obj
 .text.resetd_control_xfer_cb
                0x000000001000445c       0x5c CMakeFiles/Prog_Rp.dir/Users/haido/Documents/Pico/pico-sdk/src/rp2_common/pico_stdio_usb/reset_interface.c.obj
 .text.usbd_app_driver_get_cb
                0x00000000100044b8        0xc CMakeFiles/Prog_Rp.dir/Users/haido/Documents/Pico/pico-sdk/src/rp2_common/pico_stdio_usb/reset_interface.c.obj
                0x00000000100044b8                usbd_app_driver_get_cb
 .text.tud_cdc_line_coding_cb
                0x00000000100044c4       0x28 CMakeFiles/Prog_Rp.dir/Users/haido/Documents/Pico/pico-sdk/src/rp2_common/pico_stdio_usb/reset_interface.c.obj
                0x00000000100044c4                tud_cdc_line_coding_cb
 .text.stdio_usb_in_chars
                0x00000000100044ec       0x70 CMakeFiles/Prog_Rp.dir/Users/haido/Documents/Pico/pico-sdk/src/rp2_common/pico_stdio_usb/stdio_usb.c.obj
                0x00000000100044ec                stdio_usb_in_chars
 .text.low_priority_worker_irq
                0x000000001000455c       0x20 CMakeFiles/Prog_Rp.dir/Users/haido/Documents/Pico/pico-sdk/src/rp2_common/pico_stdio_usb/stdio_usb.c.obj
 .text.stdio_usb_out_chars
                0x000000001000457c       0xd4 CMakeFiles/Prog_Rp.dir/Users/haido/Documents/Pico/pico-sdk/src/rp2_common/pico_stdio_usb/stdio_usb.c.obj
 .text.timer_task
                0x0000000010004650       0x10 CMakeFiles/Prog_Rp.dir/Users/haido/Documents/Pico/pico-sdk/src/rp2_common/pico_stdio_usb/stdio_usb.c.obj
 .text.stdio_usb_init
                0x0000000010004660       0xb8 CMakeFiles/Prog_Rp.dir/Users/haido/Documents/Pico/pico-sdk/src/rp2_common/pico_stdio_usb/stdio_usb.c.obj
                0x0000000010004660                stdio_usb_init
 .text.tud_descriptor_device_cb
                0x0000000010004718        0x8 CMakeFiles/Prog_Rp.dir/Users/haido/Documents/Pico/pico-sdk/src/rp2_common/pico_stdio_usb/stdio_usb_descriptors.c.obj
                0x0000000010004718                tud_descriptor_device_cb
 .text.tud_descriptor_configuration_cb
                0x0000000010004720        0x8 CMakeFiles/Prog_Rp.dir/Users/haido/Documents/Pico/pico-sdk/src/rp2_common/pico_stdio_usb/stdio_usb_descriptors.c.obj
                0x0000000010004720                tud_descriptor_configuration_cb
 .text.tud_descriptor_string_cb
                0x0000000010004728       0x68 CMakeFiles/Prog_Rp.dir/Users/haido/Documents/Pico/pico-sdk/src/rp2_common/pico_stdio_usb/stdio_usb_descriptors.c.obj
                0x0000000010004728                tud_descriptor_string_cb
 .text.hw_endpoint_get_by_addr
                0x0000000010004790       0x18 CMakeFiles/Prog_Rp.dir/Users/haido/Documents/Pico/pico-sdk/lib/tinyusb/src/portable/raspberrypi/rp2040/dcd_rp2040.c.obj
 .text.reset_ep0
                0x00000000100047a8       0x2c CMakeFiles/Prog_Rp.dir/Users/haido/Documents/Pico/pico-sdk/lib/tinyusb/src/portable/raspberrypi/rp2040/dcd_rp2040.c.obj
 .text._hw_endpoint_alloc
                0x00000000100047d4       0x80 CMakeFiles/Prog_Rp.dir/Users/haido/Documents/Pico/pico-sdk/lib/tinyusb/src/portable/raspberrypi/rp2040/dcd_rp2040.c.obj
 .text._hw_endpoint_init
                0x0000000010004854       0xbc CMakeFiles/Prog_Rp.dir/Users/haido/Documents/Pico/pico-sdk/lib/tinyusb/src/portable/raspberrypi/rp2040/dcd_rp2040.c.obj
 .text.hw_endpoint_init
                0x0000000010004910       0x18 CMakeFiles/Prog_Rp.dir/Users/haido/Documents/Pico/pico-sdk/lib/tinyusb/src/portable/raspberrypi/rp2040/dcd_rp2040.c.obj
 .text.hw_handle_buff_status
                0x0000000010004928       0xb4 CMakeFiles/Prog_Rp.dir/Users/haido/Documents/Pico/pico-sdk/lib/tinyusb/src/portable/raspberrypi/rp2040/dcd_rp2040.c.obj
 .text.dcd_rp2040_irq
                0x00000000100049dc       0xa8 CMakeFiles/Prog_Rp.dir/Users/haido/Documents/Pico/pico-sdk/lib/tinyusb/src/portable/raspberrypi/rp2040/dcd_rp2040.c.obj
 .text.hw_endpoint_xfer
                0x0000000010004a84       0x18 CMakeFiles/Prog_Rp.dir/Users/haido/Documents/Pico/pico-sdk/lib/tinyusb/src/portable/raspberrypi/rp2040/dcd_rp2040.c.obj
 .text.ep0_0len_status
                0x0000000010004a9c       0x14 CMakeFiles/Prog_Rp.dir/Users/haido/Documents/Pico/pico-sdk/lib/tinyusb/src/portable/raspberrypi/rp2040/dcd_rp2040.c.obj
 .text._hw_endpoint_stall
                0x0000000010004ab0       0x54 CMakeFiles/Prog_Rp.dir/Users/haido/Documents/Pico/pico-sdk/lib/tinyusb/src/portable/raspberrypi/rp2040/dcd_rp2040.c.obj
 .text.hw_endpoint_stall
                0x0000000010004b04        0xc CMakeFiles/Prog_Rp.dir/Users/haido/Documents/Pico/pico-sdk/lib/tinyusb/src/portable/raspberrypi/rp2040/dcd_rp2040.c.obj
 .text._hw_endpoint_clear_stall
                0x0000000010004b10       0x34 CMakeFiles/Prog_Rp.dir/Users/haido/Documents/Pico/pico-sdk/lib/tinyusb/src/portable/raspberrypi/rp2040/dcd_rp2040.c.obj
 .text.hw_endpoint_clear_stall
                0x0000000010004b44        0xc CMakeFiles/Prog_Rp.dir/Users/haido/Documents/Pico/pico-sdk/lib/tinyusb/src/portable/raspberrypi/rp2040/dcd_rp2040.c.obj
 .text.dcd_int_enable
                0x0000000010004b50       0x2c CMakeFiles/Prog_Rp.dir/Users/haido/Documents/Pico/pico-sdk/lib/tinyusb/src/portable/raspberrypi/rp2040/dcd_rp2040.c.obj
                0x0000000010004b50                dcd_int_enable
 .text.dcd_set_address
                0x0000000010004b7c       0x28 CMakeFiles/Prog_Rp.dir/Users/haido/Documents/Pico/pico-sdk/lib/tinyusb/src/portable/raspberrypi/rp2040/dcd_rp2040.c.obj
                0x0000000010004b7c                dcd_set_address
 .text.dcd_connect
                0x0000000010004ba4       0x30 CMakeFiles/Prog_Rp.dir/Users/haido/Documents/Pico/pico-sdk/lib/tinyusb/src/portable/raspberrypi/rp2040/dcd_rp2040.c.obj
                0x0000000010004ba4                dcd_connect
 .text.dcd_init
                0x0000000010004bd4       0x84 CMakeFiles/Prog_Rp.dir/Users/haido/Documents/Pico/pico-sdk/lib/tinyusb/src/portable/raspberrypi/rp2040/dcd_rp2040.c.obj
                0x0000000010004bd4                dcd_init
 .text.dcd_edpt0_status_complete
                0x0000000010004c58       0x40 CMakeFiles/Prog_Rp.dir/Users/haido/Documents/Pico/pico-sdk/lib/tinyusb/src/portable/raspberrypi/rp2040/dcd_rp2040.c.obj
                0x0000000010004c58                dcd_edpt0_status_complete
 .text.dcd_edpt_open
                0x0000000010004c98       0x40 CMakeFiles/Prog_Rp.dir/Users/haido/Documents/Pico/pico-sdk/lib/tinyusb/src/portable/raspberrypi/rp2040/dcd_rp2040.c.obj
                0x0000000010004c98                dcd_edpt_open
 .text.dcd_edpt_xfer
                0x0000000010004cd8       0x34 CMakeFiles/Prog_Rp.dir/Users/haido/Documents/Pico/pico-sdk/lib/tinyusb/src/portable/raspberrypi/rp2040/dcd_rp2040.c.obj
                0x0000000010004cd8                dcd_edpt_xfer
 .text.dcd_edpt_stall
                0x0000000010004d0c       0x28 CMakeFiles/Prog_Rp.dir/Users/haido/Documents/Pico/pico-sdk/lib/tinyusb/src/portable/raspberrypi/rp2040/dcd_rp2040.c.obj
                0x0000000010004d0c                dcd_edpt_stall
 .text.dcd_edpt_clear_stall
                0x0000000010004d34       0x2c CMakeFiles/Prog_Rp.dir/Users/haido/Documents/Pico/pico-sdk/lib/tinyusb/src/portable/raspberrypi/rp2040/dcd_rp2040.c.obj
                0x0000000010004d34                dcd_edpt_clear_stall
 .text.rp2040_usb_init
                0x0000000010004d60       0x50 CMakeFiles/Prog_Rp.dir/Users/haido/Documents/Pico/pico-sdk/lib/tinyusb/src/portable/raspberrypi/rp2040/rp2040_usb.c.obj
                0x0000000010004d60                rp2040_usb_init
 .text.hw_endpoint_reset_transfer
                0x0000000010004db0       0x10 CMakeFiles/Prog_Rp.dir/Users/haido/Documents/Pico/pico-sdk/lib/tinyusb/src/portable/raspberrypi/rp2040/rp2040_usb.c.obj
                0x0000000010004db0                hw_endpoint_reset_transfer
 .text._hw_endpoint_buffer_control_update32
                0x0000000010004dc0       0x58 CMakeFiles/Prog_Rp.dir/Users/haido/Documents/Pico/pico-sdk/lib/tinyusb/src/portable/raspberrypi/rp2040/rp2040_usb.c.obj
                0x0000000010004dc0                _hw_endpoint_buffer_control_update32
 .text._hw_endpoint_start_next_buffer
                0x0000000010004e18       0x50 CMakeFiles/Prog_Rp.dir/Users/haido/Documents/Pico/pico-sdk/lib/tinyusb/src/portable/raspberrypi/rp2040/rp2040_usb.c.obj
                0x0000000010004e18                _hw_endpoint_start_next_buffer
 .text._hw_endpoint_xfer_start
                0x0000000010004e68       0x3e CMakeFiles/Prog_Rp.dir/Users/haido/Documents/Pico/pico-sdk/lib/tinyusb/src/portable/raspberrypi/rp2040/rp2040_usb.c.obj
                0x0000000010004e68                _hw_endpoint_xfer_start
 *fill*         0x0000000010004ea6        0x2 
 .text._hw_endpoint_xfer_sync
                0x0000000010004ea8       0x74 CMakeFiles/Prog_Rp.dir/Users/haido/Documents/Pico/pico-sdk/lib/tinyusb/src/portable/raspberrypi/rp2040/rp2040_usb.c.obj
                0x0000000010004ea8                _hw_endpoint_xfer_sync
 .text._hw_endpoint_xfer_continue
                0x0000000010004f1c       0x60 CMakeFiles/Prog_Rp.dir/Users/haido/Documents/Pico/pico-sdk/lib/tinyusb/src/portable/raspberrypi/rp2040/rp2040_usb.c.obj
                0x0000000010004f1c                _hw_endpoint_xfer_continue
 .text._hw_endpoint_xfer
                0x0000000010004f7c       0x34 CMakeFiles/Prog_Rp.dir/Users/haido/Documents/Pico/pico-sdk/lib/tinyusb/src/portable/raspberrypi/rp2040/rp2040_usb.c.obj
                0x0000000010004f7c                _hw_endpoint_xfer
 .text.mark_interface_endpoint
                0x0000000010004fb0       0x2a CMakeFiles/Prog_Rp.dir/Users/haido/Documents/Pico/pico-sdk/lib/tinyusb/src/device/usbd.c.obj
 *fill*         0x0000000010004fda        0x2 
 .text.usbd_reset
                0x0000000010004fdc       0x88 CMakeFiles/Prog_Rp.dir/Users/haido/Documents/Pico/pico-sdk/lib/tinyusb/src/device/usbd.c.obj
 .text.invoke_class_control
                0x0000000010005064       0x1a CMakeFiles/Prog_Rp.dir/Users/haido/Documents/Pico/pico-sdk/lib/tinyusb/src/device/usbd.c.obj
 *fill*         0x000000001000507e        0x2 
 .text.process_set_config
                0x0000000010005080      0x1d4 CMakeFiles/Prog_Rp.dir/Users/haido/Documents/Pico/pico-sdk/lib/tinyusb/src/device/usbd.c.obj
 .text.process_get_descriptor
                0x0000000010005254       0xf8 CMakeFiles/Prog_Rp.dir/Users/haido/Documents/Pico/pico-sdk/lib/tinyusb/src/device/usbd.c.obj
 .text.tud_mounted
                0x000000001000534c       0x10 CMakeFiles/Prog_Rp.dir/Users/haido/Documents/Pico/pico-sdk/lib/tinyusb/src/device/usbd.c.obj
                0x000000001000534c                tud_mounted
 .text.tud_suspended
                0x000000001000535c       0x10 CMakeFiles/Prog_Rp.dir/Users/haido/Documents/Pico/pico-sdk/lib/tinyusb/src/device/usbd.c.obj
                0x000000001000535c                tud_suspended
 .text.tud_inited
                0x000000001000536c        0xc CMakeFiles/Prog_Rp.dir/Users/haido/Documents/Pico/pico-sdk/lib/tinyusb/src/device/usbd.c.obj
                0x000000001000536c                tud_inited
 .text.tud_init
                0x0000000010005378       0xcc CMakeFiles/Prog_Rp.dir/Users/haido/Documents/Pico/pico-sdk/lib/tinyusb/src/device/usbd.c.obj
                0x0000000010005378                tud_init
 .text.dcd_event_handler
                0x0000000010005444      0x174 CMakeFiles/Prog_Rp.dir/Users/haido/Documents/Pico/pico-sdk/lib/tinyusb/src/device/usbd.c.obj
                0x0000000010005444                dcd_event_handler
 .text.dcd_event_bus_signal
                0x00000000100055b8       0x26 CMakeFiles/Prog_Rp.dir/Users/haido/Documents/Pico/pico-sdk/lib/tinyusb/src/device/usbd.c.obj
                0x00000000100055b8                dcd_event_bus_signal
 .text.dcd_event_bus_reset
                0x00000000100055de       0x2a CMakeFiles/Prog_Rp.dir/Users/haido/Documents/Pico/pico-sdk/lib/tinyusb/src/device/usbd.c.obj
                0x00000000100055de                dcd_event_bus_reset
 .text.dcd_event_setup_received
                0x0000000010005608       0x34 CMakeFiles/Prog_Rp.dir/Users/haido/Documents/Pico/pico-sdk/lib/tinyusb/src/device/usbd.c.obj
                0x0000000010005608                dcd_event_setup_received
 .text.dcd_event_xfer_complete
                0x000000001000563c       0x44 CMakeFiles/Prog_Rp.dir/Users/haido/Documents/Pico/pico-sdk/lib/tinyusb/src/device/usbd.c.obj
                0x000000001000563c                dcd_event_xfer_complete
 .text.usbd_edpt_open
                0x0000000010005680       0xe0 CMakeFiles/Prog_Rp.dir/Users/haido/Documents/Pico/pico-sdk/lib/tinyusb/src/device/usbd.c.obj
                0x0000000010005680                usbd_edpt_open
 .text.usbd_open_edpt_pair
                0x0000000010005760       0x8c CMakeFiles/Prog_Rp.dir/Users/haido/Documents/Pico/pico-sdk/lib/tinyusb/src/device/usbd.c.obj
                0x0000000010005760                usbd_open_edpt_pair
 .text.usbd_edpt_claim
                0x00000000100057ec       0x8c CMakeFiles/Prog_Rp.dir/Users/haido/Documents/Pico/pico-sdk/lib/tinyusb/src/device/usbd.c.obj
                0x00000000100057ec                usbd_edpt_claim
 .text.usbd_edpt_release
                0x0000000010005878       0x68 CMakeFiles/Prog_Rp.dir/Users/haido/Documents/Pico/pico-sdk/lib/tinyusb/src/device/usbd.c.obj
                0x0000000010005878                usbd_edpt_release
 .text.usbd_edpt_xfer
                0x00000000100058e0       0x80 CMakeFiles/Prog_Rp.dir/Users/haido/Documents/Pico/pico-sdk/lib/tinyusb/src/device/usbd.c.obj
                0x00000000100058e0                usbd_edpt_xfer
 .text.usbd_edpt_stall
                0x0000000010005960       0x2c CMakeFiles/Prog_Rp.dir/Users/haido/Documents/Pico/pico-sdk/lib/tinyusb/src/device/usbd.c.obj
                0x0000000010005960                usbd_edpt_stall
 .text.usbd_edpt_clear_stall
                0x000000001000598c       0x2c CMakeFiles/Prog_Rp.dir/Users/haido/Documents/Pico/pico-sdk/lib/tinyusb/src/device/usbd.c.obj
                0x000000001000598c                usbd_edpt_clear_stall
 .text.usbd_edpt_stalled
                0x00000000100059b8       0x1c CMakeFiles/Prog_Rp.dir/Users/haido/Documents/Pico/pico-sdk/lib/tinyusb/src/device/usbd.c.obj
                0x00000000100059b8                usbd_edpt_stalled
 .text.process_control_request
                0x00000000100059d4      0x380 CMakeFiles/Prog_Rp.dir/Users/haido/Documents/Pico/pico-sdk/lib/tinyusb/src/device/usbd.c.obj
 .text.tud_task
                0x0000000010005d54      0x204 CMakeFiles/Prog_Rp.dir/Users/haido/Documents/Pico/pico-sdk/lib/tinyusb/src/device/usbd.c.obj
                0x0000000010005d54                tud_task
 .text._data_stage_xact
                0x0000000010005f58       0x58 CMakeFiles/Prog_Rp.dir/Users/haido/Documents/Pico/pico-sdk/lib/tinyusb/src/device/usbd_control.c.obj
 .text.tud_control_status
                0x0000000010005fb0       0x38 CMakeFiles/Prog_Rp.dir/Users/haido/Documents/Pico/pico-sdk/lib/tinyusb/src/device/usbd_control.c.obj
                0x0000000010005fb0                tud_control_status
 .text.tud_control_xfer
                0x0000000010005fe8       0xa8 CMakeFiles/Prog_Rp.dir/Users/haido/Documents/Pico/pico-sdk/lib/tinyusb/src/device/usbd_control.c.obj
                0x0000000010005fe8                tud_control_xfer
 .text.usbd_control_reset
                0x0000000010006090       0x14 CMakeFiles/Prog_Rp.dir/Users/haido/Documents/Pico/pico-sdk/lib/tinyusb/src/device/usbd_control.c.obj
                0x0000000010006090                usbd_control_reset
 .text.usbd_control_set_complete_callback
                0x00000000100060a4        0xc CMakeFiles/Prog_Rp.dir/Users/haido/Documents/Pico/pico-sdk/lib/tinyusb/src/device/usbd_control.c.obj
                0x00000000100060a4                usbd_control_set_complete_callback
 .text.usbd_control_set_request
                0x00000000100060b0       0x1c CMakeFiles/Prog_Rp.dir/Users/haido/Documents/Pico/pico-sdk/lib/tinyusb/src/device/usbd_control.c.obj
                0x00000000100060b0                usbd_control_set_request
 .text.usbd_control_xfer_cb
                0x00000000100060cc       0xfc CMakeFiles/Prog_Rp.dir/Users/haido/Documents/Pico/pico-sdk/lib/tinyusb/src/device/usbd_control.c.obj
                0x00000000100060cc                usbd_control_xfer_cb
 .text._prep_out_transaction
                0x00000000100061c8       0x46 CMakeFiles/Prog_Rp.dir/Users/haido/Documents/Pico/pico-sdk/lib/tinyusb/src/class/cdc/cdc_device.c.obj
 *fill*         0x000000001000620e        0x2 
 .text.tud_cdc_n_connected
                0x0000000010006210       0x44 CMakeFiles/Prog_Rp.dir/Users/haido/Documents/Pico/pico-sdk/lib/tinyusb/src/class/cdc/cdc_device.c.obj
                0x0000000010006210                tud_cdc_n_connected
 .text.tud_cdc_n_available
                0x0000000010006254       0x18 CMakeFiles/Prog_Rp.dir/Users/haido/Documents/Pico/pico-sdk/lib/tinyusb/src/class/cdc/cdc_device.c.obj
                0x0000000010006254                tud_cdc_n_available
 .text.tud_cdc_n_read
                0x000000001000626c       0x28 CMakeFiles/Prog_Rp.dir/Users/haido/Documents/Pico/pico-sdk/lib/tinyusb/src/class/cdc/cdc_device.c.obj
                0x000000001000626c                tud_cdc_n_read
 .text.tud_cdc_n_write_flush
                0x0000000010006294       0xcc CMakeFiles/Prog_Rp.dir/Users/haido/Documents/Pico/pico-sdk/lib/tinyusb/src/class/cdc/cdc_device.c.obj
                0x0000000010006294                tud_cdc_n_write_flush
 .text.tud_cdc_n_write
                0x0000000010006360       0x38 CMakeFiles/Prog_Rp.dir/Users/haido/Documents/Pico/pico-sdk/lib/tinyusb/src/class/cdc/cdc_device.c.obj
                0x0000000010006360                tud_cdc_n_write
 .text.tud_cdc_n_write_available
                0x0000000010006398       0x1c CMakeFiles/Prog_Rp.dir/Users/haido/Documents/Pico/pico-sdk/lib/tinyusb/src/class/cdc/cdc_device.c.obj
                0x0000000010006398                tud_cdc_n_write_available
 .text.cdcd_init
                0x00000000100063b4       0xbc CMakeFiles/Prog_Rp.dir/Users/haido/Documents/Pico/pico-sdk/lib/tinyusb/src/class/cdc/cdc_device.c.obj
                0x00000000100063b4                cdcd_init
 .text.cdcd_reset
                0x0000000010006470       0x44 CMakeFiles/Prog_Rp.dir/Users/haido/Documents/Pico/pico-sdk/lib/tinyusb/src/class/cdc/cdc_device.c.obj
                0x0000000010006470                cdcd_reset
 .text.cdcd_open
                0x00000000100064b4      0x10c CMakeFiles/Prog_Rp.dir/Users/haido/Documents/Pico/pico-sdk/lib/tinyusb/src/class/cdc/cdc_device.c.obj
                0x00000000100064b4                cdcd_open
 .text.cdcd_control_xfer_cb
                0x00000000100065c0      0x134 CMakeFiles/Prog_Rp.dir/Users/haido/Documents/Pico/pico-sdk/lib/tinyusb/src/class/cdc/cdc_device.c.obj
                0x00000000100065c0                cdcd_control_xfer_cb
 .text.cdcd_xfer_cb
                0x00000000100066f4      0x144 CMakeFiles/Prog_Rp.dir/Users/haido/Documents/Pico/pico-sdk/lib/tinyusb/src/class/cdc/cdc_device.c.obj
                0x00000000100066f4                cdcd_xfer_cb
 .text.tusb_init
                0x0000000010006838       0x24 CMakeFiles/Prog_Rp.dir/Users/haido/Documents/Pico/pico-sdk/lib/tinyusb/src/tusb.c.obj
                0x0000000010006838                tusb_init
 .text.tusb_inited
                0x000000001000685c        0xe CMakeFiles/Prog_Rp.dir/Users/haido/Documents/Pico/pico-sdk/lib/tinyusb/src/tusb.c.obj
                0x000000001000685c                tusb_inited
 .text.advance_pointer
                0x000000001000686a       0x1e CMakeFiles/Prog_Rp.dir/Users/haido/Documents/Pico/pico-sdk/lib/tinyusb/src/common/tusb_fifo.c.obj
 .text.backward_pointer
                0x0000000010006888       0x1a CMakeFiles/Prog_Rp.dir/Users/haido/Documents/Pico/pico-sdk/lib/tinyusb/src/common/tusb_fifo.c.obj
 .text.get_relative_pointer
                0x00000000100068a2       0x10 CMakeFiles/Prog_Rp.dir/Users/haido/Documents/Pico/pico-sdk/lib/tinyusb/src/common/tusb_fifo.c.obj
 .text._tu_fifo_peek
                0x00000000100068b2       0x50 CMakeFiles/Prog_Rp.dir/Users/haido/Documents/Pico/pico-sdk/lib/tinyusb/src/common/tusb_fifo.c.obj
 .text._ff_pull_const_addr
                0x0000000010006902       0x4c CMakeFiles/Prog_Rp.dir/Users/haido/Documents/Pico/pico-sdk/lib/tinyusb/src/common/tusb_fifo.c.obj
 .text._ff_pull_n
                0x000000001000694e      0x10c CMakeFiles/Prog_Rp.dir/Users/haido/Documents/Pico/pico-sdk/lib/tinyusb/src/common/tusb_fifo.c.obj
 .text._tu_fifo_peek_n
                0x0000000010006a5a       0x5e CMakeFiles/Prog_Rp.dir/Users/haido/Documents/Pico/pico-sdk/lib/tinyusb/src/common/tusb_fifo.c.obj
 .text._tu_fifo_read_n
                0x0000000010006ab8       0x4e CMakeFiles/Prog_Rp.dir/Users/haido/Documents/Pico/pico-sdk/lib/tinyusb/src/common/tusb_fifo.c.obj
 .text._ff_push_const_addr
                0x0000000010006b06       0x40 CMakeFiles/Prog_Rp.dir/Users/haido/Documents/Pico/pico-sdk/lib/tinyusb/src/common/tusb_fifo.c.obj
 .text._ff_push_n
                0x0000000010006b46      0x108 CMakeFiles/Prog_Rp.dir/Users/haido/Documents/Pico/pico-sdk/lib/tinyusb/src/common/tusb_fifo.c.obj
 .text._tu_fifo_write_n
                0x0000000010006c4e       0x9e CMakeFiles/Prog_Rp.dir/Users/haido/Documents/Pico/pico-sdk/lib/tinyusb/src/common/tusb_fifo.c.obj
 .text.tu_fifo_config
                0x0000000010006cec       0x72 CMakeFiles/Prog_Rp.dir/Users/haido/Documents/Pico/pico-sdk/lib/tinyusb/src/common/tusb_fifo.c.obj
                0x0000000010006cec                tu_fifo_config
 .text.tu_fifo_count
                0x0000000010006d5e       0x26 CMakeFiles/Prog_Rp.dir/Users/haido/Documents/Pico/pico-sdk/lib/tinyusb/src/common/tusb_fifo.c.obj
                0x0000000010006d5e                tu_fifo_count
 .text.tu_fifo_empty
                0x0000000010006d84       0x10 CMakeFiles/Prog_Rp.dir/Users/haido/Documents/Pico/pico-sdk/lib/tinyusb/src/common/tusb_fifo.c.obj
                0x0000000010006d84                tu_fifo_empty
 .text.tu_fifo_remaining
                0x0000000010006d94       0x20 CMakeFiles/Prog_Rp.dir/Users/haido/Documents/Pico/pico-sdk/lib/tinyusb/src/common/tusb_fifo.c.obj
                0x0000000010006d94                tu_fifo_remaining
 .text.tu_fifo_read
                0x0000000010006db4       0x42 CMakeFiles/Prog_Rp.dir/Users/haido/Documents/Pico/pico-sdk/lib/tinyusb/src/common/tusb_fifo.c.obj
                0x0000000010006db4                tu_fifo_read
 .text.tu_fifo_read_n
                0x0000000010006df6        0xa CMakeFiles/Prog_Rp.dir/Users/haido/Documents/Pico/pico-sdk/lib/tinyusb/src/common/tusb_fifo.c.obj
                0x0000000010006df6                tu_fifo_read_n
 .text.tu_fifo_write
                0x0000000010006e00       0x6c CMakeFiles/Prog_Rp.dir/Users/haido/Documents/Pico/pico-sdk/lib/tinyusb/src/common/tusb_fifo.c.obj
                0x0000000010006e00                tu_fifo_write
 .text.tu_fifo_write_n
                0x0000000010006e6c        0xa CMakeFiles/Prog_Rp.dir/Users/haido/Documents/Pico/pico-sdk/lib/tinyusb/src/common/tusb_fifo.c.obj
                0x0000000010006e6c                tu_fifo_write_n
 .text.tu_fifo_clear
                0x0000000010006e76       0x4c CMakeFiles/Prog_Rp.dir/Users/haido/Documents/Pico/pico-sdk/lib/tinyusb/src/common/tusb_fifo.c.obj
                0x0000000010006e76                tu_fifo_clear
 .text.tu_fifo_set_overwritable
                0x0000000010006ec2       0x3c CMakeFiles/Prog_Rp.dir/Users/haido/Documents/Pico/pico-sdk/lib/tinyusb/src/common/tusb_fifo.c.obj
                0x0000000010006ec2                tu_fifo_set_overwritable
 *fill*         0x0000000010006efe        0x2 
 .text._retrieve_unique_id_on_boot
                0x0000000010006f00       0x10 CMakeFiles/Prog_Rp.dir/Users/haido/Documents/Pico/pico-sdk/src/rp2_common/pico_unique_id/unique_id.c.obj
 .text.pico_get_unique_board_id_string
                0x0000000010006f10       0x60 CMakeFiles/Prog_Rp.dir/Users/haido/Documents/Pico/pico-sdk/src/rp2_common/pico_unique_id/unique_id.c.obj
                0x0000000010006f10                pico_get_unique_board_id_string
 .text.flash_get_unique_id
                0x0000000010006f70       0x46 CMakeFiles/Prog_Rp.dir/Users/haido/Documents/Pico/pico-sdk/src/rp2_common/hardware_flash/flash.c.obj
                0x0000000010006f70                flash_get_unique_id
 *fill*         0x0000000010006fb6        0x2 
 .text.strlen   0x0000000010006fb8       0x5c /usr/local/Cellar/arm-none-eabi-gcc/10.3-2021.07/gcc/bin/../lib/gcc/arm-none-eabi/10.3.1/../../../../arm-none-eabi/lib/thumb/v6-m/nofp/libg.a(lib_a-strlen-stub.o)
                0x0000000010006fb8                strlen
 *(.fini)
 .fini          0x0000000010007014        0x4 /usr/local/Cellar/arm-none-eabi-gcc/10.3-2021.07/gcc/bin/../lib/gcc/arm-none-eabi/10.3.1/thumb/v6-m/nofp/crti.o
                0x0000000010007014                _fini
 .fini.__stub   0x0000000010007018       0x70 linker stubs
 *crtbegin.o(.ctors)
 *crtbegin?.o(.ctors)
 *(EXCLUDE_FILE(*crtend.o *crtend?.o) .ctors)
 *(SORT_BY_NAME(.ctors.*))
 *(.ctors)
 *crtbegin.o(.dtors)
 *crtbegin?.o(.dtors)
 *(EXCLUDE_FILE(*crtend.o *crtend?.o) .dtors)
 *(SORT_BY_NAME(.dtors.*))
 *(.dtors)
 *(.eh_frame*)
 .eh_frame      0x0000000010007088        0x0 /usr/local/Cellar/arm-none-eabi-gcc/10.3-2021.07/gcc/bin/../lib/gcc/arm-none-eabi/10.3.1/thumb/v6-m/nofp/crtbegin.o
                0x0000000010007088                . = ALIGN (0x4)

.glue_7         0x0000000010007088        0x0
 .glue_7        0x0000000010007088        0x0 linker stubs

.glue_7t        0x0000000010007088        0x0
 .glue_7t       0x0000000010007088        0x0 linker stubs

.vfp11_veneer   0x0000000010007088        0x0
 .vfp11_veneer  0x0000000010007088        0x0 linker stubs

.v4_bx          0x0000000010007088        0x0
 .v4_bx         0x0000000010007088        0x0 linker stubs

.iplt           0x0000000010007088        0x0
 .iplt          0x0000000010007088        0x0 /usr/local/Cellar/arm-none-eabi-gcc/10.3-2021.07/gcc/bin/../lib/gcc/arm-none-eabi/10.3.1/thumb/v6-m/nofp/crtbegin.o

.rodata         0x0000000010007088     0x16b8
 *(EXCLUDE_FILE(*libm.a: *libc.a:*lib_a-mem*.o *libgcc.a:) .rodata*)
 .rodata.spin_lock_claim_unused.str1.4
                0x0000000010007088       0x1b CMakeFiles/Prog_Rp.dir/Users/haido/Documents/Pico/pico-sdk/src/rp2_common/hardware_sync/sync.c.obj
 *fill*         0x00000000100070a3        0x1 
 .rodata.repeating_timer_callback.str1.4
                0x00000000100070a4       0x55 CMakeFiles/Prog_Rp.dir/Users/haido/Documents/Pico/pico-sdk/src/common/pico_time/time.c.obj
 *fill*         0x00000000100070f9        0x3 
 .rodata.alarm_pool_dump_key.str1.4
                0x00000000100070fc       0x33 CMakeFiles/Prog_Rp.dir/Users/haido/Documents/Pico/pico-sdk/src/common/pico_time/time.c.obj
 *fill*         0x000000001000712f        0x1 
 .rodata.ph_add_child_node.str1.4
                0x0000000010007130       0x9e CMakeFiles/Prog_Rp.dir/Users/haido/Documents/Pico/pico-sdk/src/common/pico_time/time.c.obj
 *fill*         0x00000000100071ce        0x2 
 .rodata.add_alarm_under_lock.str1.4
                0x00000000100071d0       0x28 CMakeFiles/Prog_Rp.dir/Users/haido/Documents/Pico/pico-sdk/src/common/pico_time/time.c.obj
                                         0x2b (size before relaxing)
 .rodata.alarm_pool_alarm_callback.str1.4
                0x00000000100071f8       0xee CMakeFiles/Prog_Rp.dir/Users/haido/Documents/Pico/pico-sdk/src/common/pico_time/time.c.obj
 *fill*         0x00000000100072e6        0x2 
 .rodata.alarm_pool_get_default.str1.4
                0x00000000100072e8       0x21 CMakeFiles/Prog_Rp.dir/Users/haido/Documents/Pico/pico-sdk/src/common/pico_time/time.c.obj
 *fill*         0x0000000010007309        0x3 
 .rodata.alarm_pool_cancel_alarm.str1.4
                0x000000001000730c       0x27 CMakeFiles/Prog_Rp.dir/Users/haido/Documents/Pico/pico-sdk/src/common/pico_time/time.c.obj
 *fill*         0x0000000010007333        0x1 
 .rodata.sleep_until.str1.4
                0x0000000010007334       0x4d CMakeFiles/Prog_Rp.dir/Users/haido/Documents/Pico/pico-sdk/src/common/pico_time/time.c.obj
 *fill*         0x0000000010007381        0x3 
 .rodata.__func__.1
                0x0000000010007384       0x18 CMakeFiles/Prog_Rp.dir/Users/haido/Documents/Pico/pico-sdk/src/common/pico_time/time.c.obj
 .rodata.__func__.10
                0x000000001000739c       0x15 CMakeFiles/Prog_Rp.dir/Users/haido/Documents/Pico/pico-sdk/src/common/pico_time/time.c.obj
 *fill*         0x00000000100073b1        0x3 
 .rodata.__func__.11
                0x00000000100073b4       0x1a CMakeFiles/Prog_Rp.dir/Users/haido/Documents/Pico/pico-sdk/src/common/pico_time/time.c.obj
 *fill*         0x00000000100073ce        0x2 
 .rodata.__func__.12
                0x00000000100073d0        0xa CMakeFiles/Prog_Rp.dir/Users/haido/Documents/Pico/pico-sdk/src/common/pico_time/time.c.obj
 *fill*         0x00000000100073da        0x2 
 .rodata.__func__.3
                0x00000000100073dc       0x17 CMakeFiles/Prog_Rp.dir/Users/haido/Documents/Pico/pico-sdk/src/common/pico_time/time.c.obj
 *fill*         0x00000000100073f3        0x1 
 .rodata.__func__.4
                0x00000000100073f4       0x12 CMakeFiles/Prog_Rp.dir/Users/haido/Documents/Pico/pico-sdk/src/common/pico_time/time.c.obj
 *fill*         0x0000000010007406        0x2 
 .rodata.__func__.5
                0x0000000010007408        0xd CMakeFiles/Prog_Rp.dir/Users/haido/Documents/Pico/pico-sdk/src/common/pico_time/time.c.obj
 *fill*         0x0000000010007415        0x3 
 .rodata.__func__.6
                0x0000000010007418       0x12 CMakeFiles/Prog_Rp.dir/Users/haido/Documents/Pico/pico-sdk/src/common/pico_time/time.c.obj
 *fill*         0x000000001000742a        0x2 
 .rodata.__func__.7
                0x000000001000742c        0xf CMakeFiles/Prog_Rp.dir/Users/haido/Documents/Pico/pico-sdk/src/common/pico_time/time.c.obj
 *fill*         0x000000001000743b        0x1 
 .rodata.__func__.8
                0x000000001000743c        0xc CMakeFiles/Prog_Rp.dir/Users/haido/Documents/Pico/pico-sdk/src/common/pico_time/time.c.obj
 .rodata.__func__.9
                0x0000000010007448       0x15 CMakeFiles/Prog_Rp.dir/Users/haido/Documents/Pico/pico-sdk/src/common/pico_time/time.c.obj
 *fill*         0x000000001000745d        0x3 
 .rodata.hardware_alarm_claim.str1.4
                0x0000000010007460       0x22 CMakeFiles/Prog_Rp.dir/Users/haido/Documents/Pico/pico-sdk/src/rp2_common/hardware_timer/timer.c.obj
 *fill*         0x0000000010007482        0x2 
 .rodata.hardware_alarm_set_target.str1.4
                0x0000000010007484       0x6f CMakeFiles/Prog_Rp.dir/Users/haido/Documents/Pico/pico-sdk/src/rp2_common/hardware_timer/timer.c.obj
 *fill*         0x00000000100074f3        0x1 
 .rodata.__func__.0
                0x00000000100074f4       0x1a CMakeFiles/Prog_Rp.dir/Users/haido/Documents/Pico/pico-sdk/src/rp2_common/hardware_timer/timer.c.obj
 *fill*         0x000000001000750e        0x2 
 .rodata.str1.4
                0x0000000010007510       0xbd CMakeFiles/Prog_Rp.dir/Users/haido/Documents/Pico/pico-sdk/src/common/pico_sync/mutex.c.obj
                                        0x129 (size before relaxing)
 *fill*         0x00000000100075cd        0x3 
 .rodata.__func__.0
                0x00000000100075d0        0xb CMakeFiles/Prog_Rp.dir/Users/haido/Documents/Pico/pico-sdk/src/common/pico_sync/mutex.c.obj
 *fill*         0x00000000100075db        0x1 
 .rodata.__func__.1
                0x00000000100075dc       0x18 CMakeFiles/Prog_Rp.dir/Users/haido/Documents/Pico/pico-sdk/src/common/pico_sync/mutex.c.obj
 .rodata.__func__.2
                0x00000000100075f4       0x15 CMakeFiles/Prog_Rp.dir/Users/haido/Documents/Pico/pico-sdk/src/common/pico_sync/mutex.c.obj
 *fill*         0x0000000010007609        0x3 
 .rodata.__func__.3
                0x000000001000760c       0x15 CMakeFiles/Prog_Rp.dir/Users/haido/Documents/Pico/pico-sdk/src/common/pico_sync/mutex.c.obj
 .rodata.ph_add_child_node.str1.4
                0x0000000010007621       0x9e CMakeFiles/Prog_Rp.dir/Users/haido/Documents/Pico/pico-sdk/src/common/pico_util/pheap.c.obj
 *fill*         0x0000000010007621        0x3 
 .rodata.ph_remove_any_head.str1.4
                0x0000000010007624       0x98 CMakeFiles/Prog_Rp.dir/Users/haido/Documents/Pico/pico-sdk/src/common/pico_util/pheap.c.obj
 .rodata.ph_remove_and_free_node.str1.4
                0x00000000100076bc       0x26 CMakeFiles/Prog_Rp.dir/Users/haido/Documents/Pico/pico-sdk/src/common/pico_util/pheap.c.obj
 *fill*         0x00000000100076e2        0x2 
 .rodata.__func__.0
                0x00000000100076e4       0x18 CMakeFiles/Prog_Rp.dir/Users/haido/Documents/Pico/pico-sdk/src/common/pico_util/pheap.c.obj
 .rodata.__func__.1
                0x00000000100076fc       0x13 CMakeFiles/Prog_Rp.dir/Users/haido/Documents/Pico/pico-sdk/src/common/pico_util/pheap.c.obj
 *fill*         0x000000001000770f        0x1 
 .rodata.__func__.2
                0x0000000010007710       0x12 CMakeFiles/Prog_Rp.dir/Users/haido/Documents/Pico/pico-sdk/src/common/pico_util/pheap.c.obj
 *fill*         0x0000000010007722        0x2 
 .rodata.__func__.3
                0x0000000010007724        0xc CMakeFiles/Prog_Rp.dir/Users/haido/Documents/Pico/pico-sdk/src/common/pico_util/pheap.c.obj
 .rodata.__assert_func.str1.4
                0x0000000010007730       0x3f CMakeFiles/Prog_Rp.dir/Users/haido/Documents/Pico/pico-sdk/src/rp2_common/pico_runtime/runtime.c.obj
                                         0x43 (size before relaxing)
 *fill*         0x000000001000776f        0x1 
 .rodata.panic.str1.4
                0x0000000010007770       0x12 CMakeFiles/Prog_Rp.dir/Users/haido/Documents/Pico/pico-sdk/src/rp2_common/pico_runtime/runtime.c.obj
 *fill*         0x0000000010007782        0x2 
 .rodata.clock_configure.str1.4
                0x0000000010007784       0x61 CMakeFiles/Prog_Rp.dir/Users/haido/Documents/Pico/pico-sdk/src/rp2_common/hardware_clocks/clocks.c.obj
 *fill*         0x00000000100077e5        0x3 
 .rodata.__func__.1
                0x00000000100077e8       0x10 CMakeFiles/Prog_Rp.dir/Users/haido/Documents/Pico/pico-sdk/src/rp2_common/hardware_clocks/clocks.c.obj
 .rodata.make_branch.str1.4
                0x00000000100077f8       0x57 CMakeFiles/Prog_Rp.dir/Users/haido/Documents/Pico/pico-sdk/src/rp2_common/hardware_irq/irq.c.obj
 *fill*         0x000000001000784f        0x1 
 .rodata.irq_set_exclusive_handler.str1.4
                0x0000000010007850       0x36 CMakeFiles/Prog_Rp.dir/Users/haido/Documents/Pico/pico-sdk/src/rp2_common/hardware_irq/irq.c.obj
 *fill*         0x0000000010007886        0x2 
 .rodata.irq_add_shared_handler.str1.4
                0x0000000010007888       0xd9 CMakeFiles/Prog_Rp.dir/Users/haido/Documents/Pico/pico-sdk/src/rp2_common/hardware_irq/irq.c.obj
 *fill*         0x0000000010007961        0x3 
 .rodata.irq_remove_handler.str1.4
                0x0000000010007964       0x2a CMakeFiles/Prog_Rp.dir/Users/haido/Documents/Pico/pico-sdk/src/rp2_common/hardware_irq/irq.c.obj
 *fill*         0x000000001000798e        0x2 
 .rodata.irq_add_tail_to_free_list.str1.4
                0x0000000010007990       0x32 CMakeFiles/Prog_Rp.dir/Users/haido/Documents/Pico/pico-sdk/src/rp2_common/hardware_irq/irq.c.obj
                                         0x3a (size before relaxing)
 *fill*         0x00000000100079c2        0x2 
 .rodata.__func__.0
                0x00000000100079c4       0x1a CMakeFiles/Prog_Rp.dir/Users/haido/Documents/Pico/pico-sdk/src/rp2_common/hardware_irq/irq.c.obj
 *fill*         0x00000000100079de        0x2 
 .rodata.__func__.1
                0x00000000100079e0       0x17 CMakeFiles/Prog_Rp.dir/Users/haido/Documents/Pico/pico-sdk/src/rp2_common/hardware_irq/irq.c.obj
 *fill*         0x00000000100079f7        0x1 
 .rodata.__func__.2
                0x00000000100079f8       0x13 CMakeFiles/Prog_Rp.dir/Users/haido/Documents/Pico/pico-sdk/src/rp2_common/hardware_irq/irq.c.obj
 *fill*         0x0000000010007a0b        0x1 
 .rodata.__func__.3
                0x0000000010007a0c        0xc CMakeFiles/Prog_Rp.dir/Users/haido/Documents/Pico/pico-sdk/src/rp2_common/hardware_irq/irq.c.obj
 .rodata.__func__.4
                0x0000000010007a18        0xf CMakeFiles/Prog_Rp.dir/Users/haido/Documents/Pico/pico-sdk/src/rp2_common/hardware_irq/irq.c.obj
 *fill*         0x0000000010007a27        0x1 
 .rodata.__func__.6
                0x0000000010007a28       0x1a CMakeFiles/Prog_Rp.dir/Users/haido/Documents/Pico/pico-sdk/src/rp2_common/hardware_irq/irq.c.obj
 *fill*         0x0000000010007a42        0x2 
 .rodata.pll_init.str1.4
                0x0000000010007a44       0xe3 CMakeFiles/Prog_Rp.dir/Users/haido/Documents/Pico/pico-sdk/src/rp2_common/hardware_pll/pll.c.obj
 *fill*         0x0000000010007b27        0x1 
 .rodata.__func__.0
                0x0000000010007b28        0x9 CMakeFiles/Prog_Rp.dir/Users/haido/Documents/Pico/pico-sdk/src/rp2_common/hardware_pll/pll.c.obj
 *fill*         0x0000000010007b31        0x3 
 .rodata._ftoa.str1.4
                0x0000000010007b34       0x15 CMakeFiles/Prog_Rp.dir/Users/haido/Documents/Pico/pico-sdk/src/rp2_common/pico_printf/printf.c.obj
 *fill*         0x0000000010007b49        0x3 
 .rodata._vsnprintf
                0x0000000010007b4c      0x1e0 CMakeFiles/Prog_Rp.dir/Users/haido/Documents/Pico/pico-sdk/src/rp2_common/pico_printf/printf.c.obj
 *fill*         0x0000000010007d2c        0x4 
 .rodata.pow10.0
                0x0000000010007d30       0x50 CMakeFiles/Prog_Rp.dir/Users/haido/Documents/Pico/pico-sdk/src/rp2_common/pico_printf/printf.c.obj
 .rodata.__aeabi_double_init.str1.4
                0x0000000010007d80       0xb2 CMakeFiles/Prog_Rp.dir/Users/haido/Documents/Pico/pico-sdk/src/rp2_common/pico_double/double_init_rom.c.obj
 *fill*         0x0000000010007e32        0x2 
 .rodata.__func__.0
                0x0000000010007e34       0x14 CMakeFiles/Prog_Rp.dir/Users/haido/Documents/Pico/pico-sdk/src/rp2_common/pico_double/double_init_rom.c.obj
 .rodata.__aeabi_float_init.str1.4
                0x0000000010007e48       0x84 CMakeFiles/Prog_Rp.dir/Users/haido/Documents/Pico/pico-sdk/src/rp2_common/pico_float/float_init_rom.c.obj
                                         0x88 (size before relaxing)
 .rodata.__func__.0
                0x0000000010007ecc       0x13 CMakeFiles/Prog_Rp.dir/Users/haido/Documents/Pico/pico-sdk/src/rp2_common/pico_float/float_init_rom.c.obj
 *fill*         0x0000000010007edf        0x1 
 .rodata.str1.4
                0x0000000010007ee0       0x3c CMakeFiles/Prog_Rp.dir/Users/haido/Documents/Pico/pico-sdk/src/rp2_common/pico_standard_link/binary_info.c.obj
 .rodata.__bi_44
                0x0000000010007f1c        0xc CMakeFiles/Prog_Rp.dir/Users/haido/Documents/Pico/pico-sdk/src/rp2_common/pico_standard_link/binary_info.c.obj
 .rodata.__bi_75
                0x0000000010007f28        0xc CMakeFiles/Prog_Rp.dir/Users/haido/Documents/Pico/pico-sdk/src/rp2_common/pico_standard_link/binary_info.c.obj
 .rodata.__bi_81
                0x0000000010007f34        0xc CMakeFiles/Prog_Rp.dir/Users/haido/Documents/Pico/pico-sdk/src/rp2_common/pico_standard_link/binary_info.c.obj
 .rodata.crlf_str.3
                0x0000000010007f40        0x2 CMakeFiles/Prog_Rp.dir/Users/haido/Documents/Pico/pico-sdk/src/rp2_common/pico_stdio/stdio.c.obj
 *fill*         0x0000000010007f42        0x2 
 .rodata._resetd_driver
                0x0000000010007f44       0x18 CMakeFiles/Prog_Rp.dir/Users/haido/Documents/Pico/pico-sdk/src/rp2_common/pico_stdio_usb/reset_interface.c.obj
 .rodata.stdio_usb_init.str1.4
                0x0000000010007f5c       0x6b CMakeFiles/Prog_Rp.dir/Users/haido/Documents/Pico/pico-sdk/src/rp2_common/pico_stdio_usb/stdio_usb.c.obj
 .rodata.str1.4
                0x0000000010007f5c       0x13 CMakeFiles/Prog_Rp.dir/Users/haido/Documents/Pico/pico-sdk/src/rp2_common/pico_stdio_usb/stdio_usb.c.obj
 *fill*         0x0000000010007f6f        0x1 
 .rodata.__bi_93.1
                0x0000000010007f70        0xc CMakeFiles/Prog_Rp.dir/Users/haido/Documents/Pico/pico-sdk/src/rp2_common/pico_stdio_usb/stdio_usb.c.obj
 .rodata.__func__.0
                0x0000000010007f7c       0x15 CMakeFiles/Prog_Rp.dir/Users/haido/Documents/Pico/pico-sdk/src/rp2_common/pico_stdio_usb/stdio_usb.c.obj
 *fill*         0x0000000010007f91        0x3 
 .rodata.str1.4
                0x0000000010007f94       0x2a CMakeFiles/Prog_Rp.dir/Users/haido/Documents/Pico/pico-sdk/src/rp2_common/pico_stdio_usb/stdio_usb_descriptors.c.obj
 *fill*         0x0000000010007fbe        0x2 
 .rodata.usbd_desc_cfg
                0x0000000010007fc0       0x54 CMakeFiles/Prog_Rp.dir/Users/haido/Documents/Pico/pico-sdk/src/rp2_common/pico_stdio_usb/stdio_usb_descriptors.c.obj
 .rodata.usbd_desc_device
                0x0000000010008014       0x12 CMakeFiles/Prog_Rp.dir/Users/haido/Documents/Pico/pico-sdk/src/rp2_common/pico_stdio_usb/stdio_usb_descriptors.c.obj
 *fill*         0x0000000010008026        0x2 
 .rodata.usbd_desc_str
                0x0000000010008028       0x18 CMakeFiles/Prog_Rp.dir/Users/haido/Documents/Pico/pico-sdk/src/rp2_common/pico_stdio_usb/stdio_usb_descriptors.c.obj
 .rodata._hw_endpoint_alloc.str1.4
                0x0000000010008040       0xc1 CMakeFiles/Prog_Rp.dir/Users/haido/Documents/Pico/pico-sdk/lib/tinyusb/src/portable/raspberrypi/rp2040/dcd_rp2040.c.obj
 *fill*         0x0000000010008101        0x3 
 .rodata._hw_endpoint_init.str1.4
                0x0000000010008104       0x28 CMakeFiles/Prog_Rp.dir/Users/haido/Documents/Pico/pico-sdk/lib/tinyusb/src/portable/raspberrypi/rp2040/dcd_rp2040.c.obj
 .rodata.hw_handle_buff_status.str1.4
                0x000000001000812c        0xb CMakeFiles/Prog_Rp.dir/Users/haido/Documents/Pico/pico-sdk/lib/tinyusb/src/portable/raspberrypi/rp2040/dcd_rp2040.c.obj
 *fill*         0x0000000010008137        0x1 
 .rodata.dcd_rp2040_irq.str1.4
                0x0000000010008138       0x14 CMakeFiles/Prog_Rp.dir/Users/haido/Documents/Pico/pico-sdk/lib/tinyusb/src/portable/raspberrypi/rp2040/dcd_rp2040.c.obj
 .rodata._hw_endpoint_stall.str1.4
                0x000000001000814c        0xd CMakeFiles/Prog_Rp.dir/Users/haido/Documents/Pico/pico-sdk/lib/tinyusb/src/portable/raspberrypi/rp2040/dcd_rp2040.c.obj
 *fill*         0x0000000010008159        0x3 
 .rodata.dcd_int_enable.str1.4
                0x000000001000815c        0xc CMakeFiles/Prog_Rp.dir/Users/haido/Documents/Pico/pico-sdk/lib/tinyusb/src/portable/raspberrypi/rp2040/dcd_rp2040.c.obj
 .rodata.__func__.0
                0x0000000010008168       0x15 CMakeFiles/Prog_Rp.dir/Users/haido/Documents/Pico/pico-sdk/lib/tinyusb/src/portable/raspberrypi/rp2040/dcd_rp2040.c.obj
 *fill*         0x000000001000817d        0x3 
 .rodata.__func__.1
                0x0000000010008180       0x13 CMakeFiles/Prog_Rp.dir/Users/haido/Documents/Pico/pico-sdk/lib/tinyusb/src/portable/raspberrypi/rp2040/dcd_rp2040.c.obj
 *fill*         0x0000000010008193        0x1 
 .rodata.__func__.11
                0x0000000010008194        0xf CMakeFiles/Prog_Rp.dir/Users/haido/Documents/Pico/pico-sdk/lib/tinyusb/src/portable/raspberrypi/rp2040/dcd_rp2040.c.obj
 *fill*         0x00000000100081a3        0x1 
 .rodata.__func__.12
                0x00000000100081a4       0x13 CMakeFiles/Prog_Rp.dir/Users/haido/Documents/Pico/pico-sdk/lib/tinyusb/src/portable/raspberrypi/rp2040/dcd_rp2040.c.obj
 *fill*         0x00000000100081b7        0x1 
 .rodata.__func__.13
                0x00000000100081b8       0x16 CMakeFiles/Prog_Rp.dir/Users/haido/Documents/Pico/pico-sdk/lib/tinyusb/src/portable/raspberrypi/rp2040/dcd_rp2040.c.obj
 *fill*         0x00000000100081ce        0x2 
 .rodata.__func__.14
                0x00000000100081d0        0x9 CMakeFiles/Prog_Rp.dir/Users/haido/Documents/Pico/pico-sdk/lib/tinyusb/src/portable/raspberrypi/rp2040/dcd_rp2040.c.obj
 *fill*         0x00000000100081d9        0x3 
 .rodata.__func__.2
                0x00000000100081dc        0xf CMakeFiles/Prog_Rp.dir/Users/haido/Documents/Pico/pico-sdk/lib/tinyusb/src/portable/raspberrypi/rp2040/dcd_rp2040.c.obj
 *fill*         0x00000000100081eb        0x1 
 .rodata.__func__.3
                0x00000000100081ec        0xe CMakeFiles/Prog_Rp.dir/Users/haido/Documents/Pico/pico-sdk/lib/tinyusb/src/portable/raspberrypi/rp2040/dcd_rp2040.c.obj
 *fill*         0x00000000100081fa        0x2 
 .rodata.__func__.4
                0x00000000100081fc        0xe CMakeFiles/Prog_Rp.dir/Users/haido/Documents/Pico/pico-sdk/lib/tinyusb/src/portable/raspberrypi/rp2040/dcd_rp2040.c.obj
 *fill*         0x000000001000820a        0x2 
 .rodata.__func__.5
                0x000000001000820c       0x1a CMakeFiles/Prog_Rp.dir/Users/haido/Documents/Pico/pico-sdk/lib/tinyusb/src/portable/raspberrypi/rp2040/dcd_rp2040.c.obj
 *fill*         0x0000000010008226        0x2 
 .rodata.__func__.6
                0x0000000010008228        0xc CMakeFiles/Prog_Rp.dir/Users/haido/Documents/Pico/pico-sdk/lib/tinyusb/src/portable/raspberrypi/rp2040/dcd_rp2040.c.obj
 .rodata.__func__.9
                0x0000000010008234       0x10 CMakeFiles/Prog_Rp.dir/Users/haido/Documents/Pico/pico-sdk/lib/tinyusb/src/portable/raspberrypi/rp2040/dcd_rp2040.c.obj
 .rodata._hw_endpoint_buffer_control_update32.str1.4
                0x0000000010008244       0x1f CMakeFiles/Prog_Rp.dir/Users/haido/Documents/Pico/pico-sdk/lib/tinyusb/src/portable/raspberrypi/rp2040/rp2040_usb.c.obj
 *fill*         0x0000000010008263        0x1 
 .rodata._hw_endpoint_xfer_sync.str1.4
                0x0000000010008264       0x9d CMakeFiles/Prog_Rp.dir/Users/haido/Documents/Pico/pico-sdk/lib/tinyusb/src/portable/raspberrypi/rp2040/rp2040_usb.c.obj
 *fill*         0x0000000010008301        0x3 
 .rodata._hw_endpoint_xfer_continue.str1.4
                0x0000000010008304       0x50 CMakeFiles/Prog_Rp.dir/Users/haido/Documents/Pico/pico-sdk/lib/tinyusb/src/portable/raspberrypi/rp2040/rp2040_usb.c.obj
 .rodata._hw_endpoint_xfer.str1.4
                0x0000000010008354        0xf CMakeFiles/Prog_Rp.dir/Users/haido/Documents/Pico/pico-sdk/lib/tinyusb/src/portable/raspberrypi/rp2040/rp2040_usb.c.obj
 *fill*         0x0000000010008363        0x1 
 .rodata.str1.4
                0x0000000010008364        0x7 CMakeFiles/Prog_Rp.dir/Users/haido/Documents/Pico/pico-sdk/lib/tinyusb/src/portable/raspberrypi/rp2040/rp2040_usb.c.obj
 *fill*         0x000000001000836b        0x1 
 .rodata.__func__.0
                0x000000001000836c       0x12 CMakeFiles/Prog_Rp.dir/Users/haido/Documents/Pico/pico-sdk/lib/tinyusb/src/portable/raspberrypi/rp2040/rp2040_usb.c.obj
 *fill*         0x000000001000837e        0x2 
 .rodata.__func__.1
                0x0000000010008380       0x17 CMakeFiles/Prog_Rp.dir/Users/haido/Documents/Pico/pico-sdk/lib/tinyusb/src/portable/raspberrypi/rp2040/rp2040_usb.c.obj
 *fill*         0x0000000010008397        0x1 
 .rodata.process_set_config.str1.4
                0x0000000010008398       0x17 CMakeFiles/Prog_Rp.dir/Users/haido/Documents/Pico/pico-sdk/lib/tinyusb/src/device/usbd.c.obj
 *fill*         0x00000000100083af        0x1 
 .rodata.process_get_descriptor
                0x00000000100083b0       0x40 CMakeFiles/Prog_Rp.dir/Users/haido/Documents/Pico/pico-sdk/lib/tinyusb/src/device/usbd.c.obj
 .rodata.process_control_request
                0x00000000100083f0       0x28 CMakeFiles/Prog_Rp.dir/Users/haido/Documents/Pico/pico-sdk/lib/tinyusb/src/device/usbd.c.obj
 .rodata.tud_task
                0x0000000010008418       0x24 CMakeFiles/Prog_Rp.dir/Users/haido/Documents/Pico/pico-sdk/lib/tinyusb/src/device/usbd.c.obj
 .rodata.__func__.2
                0x000000001000843c        0xf CMakeFiles/Prog_Rp.dir/Users/haido/Documents/Pico/pico-sdk/lib/tinyusb/src/device/usbd.c.obj
 *fill*         0x000000001000844b        0x1 
 .rodata.__func__.3
                0x000000001000844c        0xf CMakeFiles/Prog_Rp.dir/Users/haido/Documents/Pico/pico-sdk/lib/tinyusb/src/device/usbd.c.obj
 *fill*         0x000000001000845b        0x1 
 .rodata.__func__.4
                0x000000001000845c       0x14 CMakeFiles/Prog_Rp.dir/Users/haido/Documents/Pico/pico-sdk/lib/tinyusb/src/device/usbd.c.obj
 .rodata.__func__.5
                0x0000000010008470       0x10 CMakeFiles/Prog_Rp.dir/Users/haido/Documents/Pico/pico-sdk/lib/tinyusb/src/device/usbd.c.obj
 .rodata.__func__.6
                0x0000000010008480       0x17 CMakeFiles/Prog_Rp.dir/Users/haido/Documents/Pico/pico-sdk/lib/tinyusb/src/device/usbd.c.obj
 *fill*         0x0000000010008497        0x1 
 .rodata.__func__.7
                0x0000000010008498       0x13 CMakeFiles/Prog_Rp.dir/Users/haido/Documents/Pico/pico-sdk/lib/tinyusb/src/device/usbd.c.obj
 *fill*         0x00000000100084ab        0x1 
 .rodata.__func__.8
                0x00000000100084ac       0x18 CMakeFiles/Prog_Rp.dir/Users/haido/Documents/Pico/pico-sdk/lib/tinyusb/src/device/usbd.c.obj
 .rodata.__func__.9
                0x00000000100084c4        0x9 CMakeFiles/Prog_Rp.dir/Users/haido/Documents/Pico/pico-sdk/lib/tinyusb/src/device/usbd.c.obj
 *fill*         0x00000000100084cd        0x3 
 .rodata._usbd_driver
                0x00000000100084d0       0x18 CMakeFiles/Prog_Rp.dir/Users/haido/Documents/Pico/pico-sdk/lib/tinyusb/src/device/usbd.c.obj
 .rodata.tud_control_xfer.str1.4
                0x00000000100084e8       0x17 CMakeFiles/Prog_Rp.dir/Users/haido/Documents/Pico/pico-sdk/lib/tinyusb/src/device/usbd_control.c.obj
 .rodata.__func__.0
                0x00000000100084e8       0x15 CMakeFiles/Prog_Rp.dir/Users/haido/Documents/Pico/pico-sdk/lib/tinyusb/src/device/usbd_control.c.obj
 *fill*         0x00000000100084fd        0x3 
 .rodata.__func__.1
                0x0000000010008500       0x11 CMakeFiles/Prog_Rp.dir/Users/haido/Documents/Pico/pico-sdk/lib/tinyusb/src/device/usbd_control.c.obj
 .rodata.tud_cdc_n_write_flush.str1.4
                0x0000000010008511       0x17 CMakeFiles/Prog_Rp.dir/Users/haido/Documents/Pico/pico-sdk/lib/tinyusb/src/class/cdc/cdc_device.c.obj
 *fill*         0x0000000010008511        0x3 
 .rodata.__func__.0
                0x0000000010008514        0xd CMakeFiles/Prog_Rp.dir/Users/haido/Documents/Pico/pico-sdk/lib/tinyusb/src/class/cdc/cdc_device.c.obj
 *fill*         0x0000000010008521        0x3 
 .rodata.__func__.1
                0x0000000010008524        0xa CMakeFiles/Prog_Rp.dir/Users/haido/Documents/Pico/pico-sdk/lib/tinyusb/src/class/cdc/cdc_device.c.obj
 *fill*         0x000000001000852e        0x2 
 .rodata.__func__.2
                0x0000000010008530       0x16 CMakeFiles/Prog_Rp.dir/Users/haido/Documents/Pico/pico-sdk/lib/tinyusb/src/class/cdc/cdc_device.c.obj
 .rodata.tusb_init.str1.4
                0x0000000010008546       0x17 CMakeFiles/Prog_Rp.dir/Users/haido/Documents/Pico/pico-sdk/lib/tinyusb/src/tusb.c.obj
 *fill*         0x0000000010008546        0x2 
 .rodata.__func__.0
                0x0000000010008548        0xa CMakeFiles/Prog_Rp.dir/Users/haido/Documents/Pico/pico-sdk/lib/tinyusb/src/tusb.c.obj
 *fill*         0x0000000010008552        0x2 
 .rodata.pico_get_unique_board_id_string.str1.4
                0x0000000010008554       0x57 CMakeFiles/Prog_Rp.dir/Users/haido/Documents/Pico/pico-sdk/src/rp2_common/pico_unique_id/unique_id.c.obj
 *fill*         0x00000000100085ab        0x1 
 .rodata.__func__.0
                0x00000000100085ac       0x20 CMakeFiles/Prog_Rp.dir/Users/haido/Documents/Pico/pico-sdk/src/rp2_common/pico_unique_id/unique_id.c.obj
 .rodata.str1.4
                0x00000000100085cc      0x162 CMakeFiles/Prog_Rp.dir/Users/haido/Documents/Pico/pico-sdk/src/rp2_common/hardware_flash/flash.c.obj
 *fill*         0x000000001000872e        0x2 
 .rodata.__func__.0
                0x0000000010008730        0xd CMakeFiles/Prog_Rp.dir/Users/haido/Documents/Pico/pico-sdk/src/rp2_common/hardware_flash/flash.c.obj
                0x0000000010008740                . = ALIGN (0x4)
 *fill*         0x000000001000873d        0x3 
 *(SORT_BY_ALIGNMENT(SORT_BY_NAME(.flashdata*)))
                0x0000000010008740                . = ALIGN (0x4)

.rel.dyn        0x0000000010008740        0x0
 .rel.iplt      0x0000000010008740        0x0 /usr/local/Cellar/arm-none-eabi-gcc/10.3-2021.07/gcc/bin/../lib/gcc/arm-none-eabi/10.3.1/thumb/v6-m/nofp/crtbegin.o

.ARM.extab
 *(.ARM.extab* .gnu.linkonce.armextab.*)
                0x0000000010008740                __exidx_start = .

.ARM.exidx
 *(.ARM.exidx* .gnu.linkonce.armexidx.*)
                0x0000000010008740                __exidx_end = .
                0x0000000010008740                . = ALIGN (0x4)
                0x0000000010008740                __binary_info_start = .

.binary_info    0x0000000010008740       0x20
 *(.binary_info.keep.*)
 .binary_info.keep.__bi_ptr22
                0x0000000010008740        0x4 CMakeFiles/Prog_Rp.dir/Users/haido/Documents/Pico/pico-sdk/src/rp2_common/pico_standard_link/binary_info.c.obj
 .binary_info.keep.__bi_ptr30
                0x0000000010008744        0x4 CMakeFiles/Prog_Rp.dir/Users/haido/Documents/Pico/pico-sdk/src/rp2_common/pico_standard_link/binary_info.c.obj
 .binary_info.keep.__bi_ptr38
                0x0000000010008748        0x4 CMakeFiles/Prog_Rp.dir/Users/haido/Documents/Pico/pico-sdk/src/rp2_common/pico_standard_link/binary_info.c.obj
 .binary_info.keep.__bi_ptr44
                0x000000001000874c        0x4 CMakeFiles/Prog_Rp.dir/Users/haido/Documents/Pico/pico-sdk/src/rp2_common/pico_standard_link/binary_info.c.obj
 .binary_info.keep.__bi_ptr50
                0x0000000010008750        0x4 CMakeFiles/Prog_Rp.dir/Users/haido/Documents/Pico/pico-sdk/src/rp2_common/pico_standard_link/binary_info.c.obj
 .binary_info.keep.__bi_ptr75
                0x0000000010008754        0x4 CMakeFiles/Prog_Rp.dir/Users/haido/Documents/Pico/pico-sdk/src/rp2_common/pico_standard_link/binary_info.c.obj
 .binary_info.keep.__bi_ptr81
                0x0000000010008758        0x4 CMakeFiles/Prog_Rp.dir/Users/haido/Documents/Pico/pico-sdk/src/rp2_common/pico_standard_link/binary_info.c.obj
 *(.binary_info.*)
 .binary_info.__bi_ptr93
                0x000000001000875c        0x4 CMakeFiles/Prog_Rp.dir/Users/haido/Documents/Pico/pico-sdk/src/rp2_common/pico_stdio_usb/stdio_usb.c.obj
                0x0000000010008760                __binary_info_end = .
                0x0000000010008760                . = ALIGN (0x4)
                0x0000000010008760                __etext = .

.ram_vector_table
                0x0000000020000000       0xc0
 *(.ram_vector_table)
 .ram_vector_table
                0x0000000020000000       0xc0 CMakeFiles/Prog_Rp.dir/Users/haido/Documents/Pico/pico-sdk/src/rp2_common/pico_runtime/runtime.c.obj
                0x0000000020000000                ram_vector_table

.data           0x00000000200000c0      0x500 load address 0x0000000010008760
                0x00000000200000c0                __data_start__ = .
 *(vtable)
 *(.time_critical*)
 .time_critical.mutex_enter_blocking
                0x00000000200000c0       0x94 CMakeFiles/Prog_Rp.dir/Users/haido/Documents/Pico/pico-sdk/src/common/pico_sync/mutex.c.obj
                0x00000000200000c0                mutex_enter_blocking
 .time_critical.mutex_try_enter
                0x0000000020000154       0x5a CMakeFiles/Prog_Rp.dir/Users/haido/Documents/Pico/pico-sdk/src/common/pico_sync/mutex.c.obj
                0x0000000020000154                mutex_try_enter
 *fill*         0x00000000200001ae        0x2 
 .time_critical.mutex_enter_block_until
                0x00000000200001b0       0x8c CMakeFiles/Prog_Rp.dir/Users/haido/Documents/Pico/pico-sdk/src/common/pico_sync/mutex.c.obj
                0x00000000200001b0                mutex_enter_block_until
 .time_critical.mutex_enter_timeout_ms
                0x000000002000023c       0x74 CMakeFiles/Prog_Rp.dir/Users/haido/Documents/Pico/pico-sdk/src/common/pico_sync/mutex.c.obj
                0x000000002000023c                mutex_enter_timeout_ms
 .time_critical.mutex_exit
                0x00000000200002b0       0x94 CMakeFiles/Prog_Rp.dir/Users/haido/Documents/Pico/pico-sdk/src/common/pico_sync/mutex.c.obj
                0x00000000200002b0                mutex_exit
 .time_critical.flash_init_boot2_copyout
                0x0000000020000344       0x30 CMakeFiles/Prog_Rp.dir/Users/haido/Documents/Pico/pico-sdk/src/rp2_common/hardware_flash/flash.c.obj
 .time_critical.flash_enable_xip_via_boot2
                0x0000000020000374       0x10 CMakeFiles/Prog_Rp.dir/Users/haido/Documents/Pico/pico-sdk/src/rp2_common/hardware_flash/flash.c.obj
 .time_critical.flash_cs_force